Microchip MPLAB XC8 Compiler V2.41

Linker command line:

-W-3 \
  --edf=C:/Program Files/Microchip/MPLABX/v6.15/packs/Microchip/PIC18Fxxxx_DFP/1.4.151/xc8\pic\dat\20230323171731_en.msgs \
  -cn -h+dist/default/debug\application.debug.sym \
  --cmf=dist/default/debug\application.debug.cmf -z -Q18F4620 \
  -oC:\Users\mohop\AppData\Local\Temp\xcAsh0o.\driver_tmp_3.o \
  --defsym=__MPLAB_BUILD=1 --fixupoverflow=error \
  -Mdist/default/debug/application.debug.map \
  --md=C:\Users\mohop\AppData\Local\Temp\xcAsh0o.\driver_tmp_0.dat -E1 \
  -ver=XC8 Compiler --acfsm=1493 -ACODE=00h-0FFFFh -ACONST=00h-0FFFFh \
  -ASMALLCONST=01000h-010FFhx240 -AMEDIUMCONST=01000h-0FFFFh \
  -ACOMRAM=01h-07Fh -AABS1=00h-0F7Fh -ABIGRAM=01h-0F7Fh \
  -ARAM=080h-0FFh,0100h-01FFhx14,0F00h-0F7Fh -ABANK0=080h-0FFh \
  -ABANK1=0100h-01FFh -ABANK2=0200h-02FFh -ABANK3=0300h-03FFh \
  -ABANK4=0400h-04FFh -ABANK5=0500h-05FFh -ABANK6=0600h-06FFh \
  -ABANK7=0700h-07FFh -ABANK8=0800h-08FFh -ABANK9=0900h-09FFh \
  -ABANK10=0A00h-0AFFh -ABANK11=0B00h-0BFFh -ABANK12=0C00h-0CFFh \
  -ABANK13=0D00h-0DFFh -ABANK14=0E00h-0EFFh -ABANK15=0F00h-0F7Fh \
  -ASFR=0F80h-0FFFh -ABIGSFR=0F80h-0FFFh -ACONFIG=0300000h-030000Dh \
  -AIDLOC=0200000h-0200007h -AEEDATA=0F00000h-0F003FFh -peeprom_data=EEDATA \
  -preset_vec=00h,intcode=08h,intcodelo=018h,powerup,init -pramtop=01000h \
  -psmallconst=SMALLCONST -pmediumconst=MEDIUMCONST -pconst=CONST \
  -AFARRAM=00h-00h \
  -prdata=COMRAM,nvrram=COMRAM,nvbit=COMRAM,rbss=COMRAM,rbit=COMRAM \
  -pfarbss=FARRAM,fardata=FARRAM,nvFARRAM=FARRAM \
  -pintsave_regs=BIGRAM,bigbss=BIGRAM,bigdata=BIGRAM -pbss=RAM \
  -pidata=CODE,irdata=CODE,ibigdata=CODE,ifardata=CODE -prparam=COMRAM \
  C:\Users\mohop\AppData\Local\Temp\xcAsh0o.\driver_tmp_9.o \
  dist/default/debug\application.debug.o 

Object code version is 3.11

Machine type is 18F4620



                Name                               Link     Load   Length Selector   Space Scale
C:\Users\mohop\AppData\Local\Temp\xcAsh0o.\driver_tmp_9.o
                config                           300000   300000        E        0       4
                init                                1F0      1F0        4        C       0
                reset_vec                             0        0        4        0       0
dist/default/debug\application.debug.o
                intcodelo                            18       18      1D8        C       0
                intcode                               8        8        6        4       0
                config                           300000   300000        E        0       4
                temp                                 5F       5F        1        1       1
                smallconst                         1000     1000       18      800       0
                text45                             21B0     21B0        4     1098       0
                text44                             21AC     21AC        4     1098       0
                text43                             21A8     21A8        4     1098       0
                text42                             21A4     21A4        4     1098       0
                text41                             21A0     21A0        4     1098       0
                text40                             219C     219C        4     1098       0
                text39                             2198     2198        4     1098       0
                text38                             2194     2194        4     1098       0
                text37                             1600     1600      14A      80C       0
                text36                             1FCE     1FCE       50      80C       0
                text35                             1AE2     1AE2       88      80C       0
                text34                             1CE6     1CE6       72      80C       0
                text33                             1F24     1F24       56      80C       0
                text32                             2130     2130       16     1098       0
                text31                             2094     2094       36      80C       0
                intcode_body                       1018     1018      1E0      80C       0
                text29                             2190     2190        4     1098       0
                text28                             218C     218C        4     1098       0
                text27                             2188     2188        4     1098       0
                text26                             2184     2184        4     1098       0
                text25                             2180     2180        4     1098       0
                text24                             217C     217C        4     1098       0
                text23                             2178     2178        4     1098       0
                text22                             14B0     14B0      150      80C       0
                text21                             1F7A     1F7A       54      80C       0
                text20                             1A52     1A52       90      80C       0
                text19                             1C68     1C68       7E      80C       0
                text18                             1E74     1E74       5A      80C       0
                text17                             20EC     20EC       22      80C       0
                text16                             205E     205E       36      80C       0
                text14                             1DBA     1DBA       60      80C       0
                text13                             1B6A     1B6A       80      80C       0
                text12                             1E1A     1E1A       5A      80C       0
                text11                             201E     201E       40      80C       0
                text10                             1844     1844       EC      80C       0
                text9                              11F8     11F8      168      80C       0
                text8                              1360     1360      150      80C       0
                text7                              19C2     19C2       90      80C       0
                text6                              1ECE     1ECE       56      80C       0
                text5                              1930     1930       92      80C       0
                text4                              1BEA     1BEA       7E      80C       0
                text3                              174A     174A       FA      80C       0
                text2                              215A     215A       10     1098       0
                text1                              2146     2146       14     1098       0
                text0                              20CA     20CA       22      80C       0
                cstackCOMRAM                         2B       2B       26        1       1
                cstackBANK0                          80       80       34       80       1
                cstackBANK1                         100      100        2      100       1
                dataBANK0                            B4       B4       21       80       1
                bssBANK0                             D5       D5        D       80       1
                dataCOMRAM                           51       51        E        1       1
                bssCOMRAM                             1        1       2A        1       1
                cinit                              1D58     1D58       62      80C       0
                idataBANK0                         210E     210E       21      80C       0
                idataCOMRAM                        216A     216A        E     1098       0

TOTAL           Name                               Link     Load   Length     Space
        CLASS   CODE           
                intcodelo                            18       18      1D8         0
                intcode                               8        8        6         0
                init                                1F0      1F0        4         0
                reset_vec                             0        0        4         0
                text45                             21B0     21B0        4         0
                text44                             21AC     21AC        4         0
                text43                             21A8     21A8        4         0
                text42                             21A4     21A4        4         0
                text41                             21A0     21A0        4         0
                text40                             219C     219C        4         0
                text39                             2198     2198        4         0
                text38                             2194     2194        4         0
                text37                             1600     1600      14A         0
                text36                             1FCE     1FCE       50         0
                text35                             1AE2     1AE2       88         0
                text34                             1CE6     1CE6       72         0
                text33                             1F24     1F24       56         0
                text32                             2130     2130       16         0
                text31                             2094     2094       36         0
                intcode_body                       1018     1018      1E0         0
                text29                             2190     2190        4         0
                text28                             218C     218C        4         0
                text27                             2188     2188        4         0
                text26                             2184     2184        4         0
                text25                             2180     2180        4         0
                text24                             217C     217C        4         0
                text23                             2178     2178        4         0
                text22                             14B0     14B0      150         0
                text21                             1F7A     1F7A       54         0
                text20                             1A52     1A52       90         0
                text19                             1C68     1C68       7E         0
                text18                             1E74     1E74       5A         0
                text17                             20EC     20EC       22         0
                text16                             205E     205E       36         0
                text14                             1DBA     1DBA       60         0
                text13                             1B6A     1B6A       80         0
                text12                             1E1A     1E1A       5A         0
                text11                             201E     201E       40         0
                text10                             1844     1844       EC         0
                text9                              11F8     11F8      168         0
                text8                              1360     1360      150         0
                text7                              19C2     19C2       90         0
                text6                              1ECE     1ECE       56         0
                text5                              1930     1930       92         0
                text4                              1BEA     1BEA       7E         0
                text3                              174A     174A       FA         0
                text2                              215A     215A       10         0
                text1                              2146     2146       14         0
                text0                              20CA     20CA       22         0
                cinit                              1D58     1D58       62         0
                idataBANK0                         210E     210E       21         0
                idataCOMRAM                        216A     216A        E         0

        CLASS   CONST          

        CLASS   SMALLCONST     
                smallconst                         1000     1000       18         0

        CLASS   MEDIUMCONST    

        CLASS   COMRAM         
                temp                                 5F       5F        1         1
                cstackCOMRAM                         2B       2B       26         1
                dataCOMRAM                           51       51        E         1
                bssCOMRAM                             1        1       2A         1

        CLASS   ABS1           

        CLASS   BIGRAM         

        CLASS   RAM            

        CLASS   BANK0          
                cstackBANK0                          80       80       34         1
                dataBANK0                            B4       B4       21         1
                bssBANK0                             D5       D5        D         1

        CLASS   BANK1          
                cstackBANK1                         100      100        2         1

        CLASS   BANK2          

        CLASS   BANK3          

        CLASS   BANK4          

        CLASS   BANK5          

        CLASS   BANK6          

        CLASS   BANK7          

        CLASS   BANK8          

        CLASS   BANK9          

        CLASS   BANK10         

        CLASS   BANK11         

        CLASS   BANK12         

        CLASS   BANK13         

        CLASS   BANK14         

        CLASS   BANK15         

        CLASS   SFR            

        CLASS   BIGSFR         

        CLASS   CONFIG         
                config                           300000   300000        E         4

        CLASS   IDLOC          

        CLASS   EEDATA         

        CLASS   FARRAM         

        CLASS   HEAP           

        CLASS   STACK          



SEGMENTS        Name                           Load    Length   Top    Selector   Space  Class

                reset_vec                      000000  000004  000004         0       0  CODE    
                bssCOMRAM                      000001  00005F  000060         1       1  COMRAM  
                intcode                        000008  000006  00000E         4       0  CODE    
                intcodelo                      000018  0001DC  0001F4         C       0  CODE    
                cstackBANK0                    000080  000062  0000E2        80       1  BANK0   
                cstackBANK1                    000100  000002  000102       100       1  BANK1   
                smallconst                     001000  000018  001018       800       0  SMALLCON
                intcode_body                   001018  001117  00212F       80C       0  CODE    
                text32                         002130  000084  0021B4      1098       0  CODE    


UNUSED ADDRESS RANGES

        Name                Unused          Largest block    Delta
        BANK0            0000E2-0000FF               1E
        BANK1            000102-0001FF               FE
        BANK10           000A00-000AFF              100
        BANK11           000B00-000BFF              100
        BANK12           000C00-000CFF              100
        BANK13           000D00-000DFF              100
        BANK14           000E00-000EFF              100
        BANK15           000F00-000F7F               80
        BANK2            000200-0002FF              100
        BANK3            000300-0003FF              100
        BANK4            000400-0004FF              100
        BANK5            000500-0005FF              100
        BANK6            000600-0006FF              100
        BANK7            000700-0007FF              100
        BANK8            000800-0008FF              100
        BANK9            000900-0009FF              100
        BIGRAM           000060-00007F               20
                         0000E2-0000FF               1E
                         000102-000F7F              E7E
        BIGSFR           000F80-000FFF               80
        CODE             000004-000007                4
                         00000E-000017                A
                         0001F4-000FFF              E0C
                         00212F-00212F                1
                         0021B4-00FFFF             DE4C
        COMRAM           000060-00007F               20
        CONST            000004-000007                4
                         00000E-000017                A
                         0001F4-000FFF              E0C
                         00212F-00212F                1
                         0021B4-00FFFF             DE4C
        EEDATA           F00000-F003FF              400
        IDLOC            200000-200007                8
        MEDIUMCONST      00212F-00212F                1
                         0021B4-00FFFF             DE4C
        RAM              0000E2-0000FF               1E
                         000102-000F7F              100
        SFR              000F80-000FFF               80
        SMALLCONST       00212F-00212F                1
                         0021B4-00FFFF              100

                                  Symbol Table

Timer0_Init@_timer                       cstackBANK0  0000A1
Timer0_Init@ret                          cstackBANK0  0000A5
Timer0_Mode_Select@_timer                cstackBANK0  00009E
Timer0_Prescaler_Config@_timer           cstackBANK0  00009E
Timer0_Read_Value@_timer                 cstackBANK0  00009E
Timer0_Read_Value@_value                 cstackBANK0  0000A0
Timer0_Read_Value@l_tmr0h                cstackBANK0  0000A5
Timer0_Read_Value@l_tmr0l                cstackBANK0  0000A4
Timer0_Register_Size_Config@_timer       cstackBANK0  00009E
_ADC_ISR                                 text29       002190
_ADC_InterruptHandler                    bssCOMRAM    00001D
_ADRESH                                  (abs)        000FC4
_ADRESL                                  (abs)        000FC3
_INT0_ISR                                text45       0021B0
_INT0_InterruptHandler                   bssCOMRAM    00001B
_INT1_ISR                                text28       00218C
_INT1_InterruptHandler                   bssCOMRAM    000019
_INT2_ISR                                text27       002188
_INT2_InterruptHandler                   bssCOMRAM    000017
_InterruptManagerHigh                    intcode      000008
_InterruptManagerLow                     intcodelo    000018
_RB4_ISR                                 text26       002184
_RB4_InterruptHandler                    bssCOMRAM    000015
_RB4_pin_init_value                      bssCOMRAM    000023
_RB5_ISR                                 text25       002180
_RB5_InterruptHandler                    bssCOMRAM    000013
_RB5_pin_init_value                      bssCOMRAM    000022
_RB6_ISR                                 text24       00217C
_RB6_InterruptHandler                    bssCOMRAM    000011
_RB6_pin_init_value                      bssCOMRAM    000021
_RB7_ISR                                 text23       002178
_RB7_InterruptHandler                    bssCOMRAM    00000F
_RB7_pin_init_value                      bssCOMRAM    000020
_TMR0H                                   (abs)        000FD7
_TMR0_ISR                                text16       00205E
_TMR0_ISR_HANDLER                        text17       0020EC
_TMR0_ISR_HANDLER$intlevel1              text17       0020F6
_TMR0_InterruptHandler                   bssCOMRAM    00000D
_Timer0_Init                             text10       001844
_Timer0_Mode_Select                      text13       001B6A
_Timer0_Prescaler_Config                 text12       001E1A
_Timer0_Read_Value                       text14       001DBA
_Timer0_Register_Size_Config             text11       00201E
__HRAM                                   (abs)        000000
__H__absolute__                          __absolute__ 000000
__Habs1                                  abs1         000000
__Hbank0                                 bank0        000000
__Hbank1                                 bank1        000000
__Hbank10                                bank10       000000
__Hbank11                                bank11       000000
__Hbank12                                bank12       000000
__Hbank13                                bank13       000000
__Hbank14                                bank14       000000
__Hbank15                                bank15       000000
__Hbank2                                 bank2        000000
__Hbank3                                 bank3        000000
__Hbank4                                 bank4        000000
__Hbank5                                 bank5        000000
__Hbank6                                 bank6        000000
__Hbank7                                 bank7        000000
__Hbank8                                 bank8        000000
__Hbank9                                 bank9        000000
__Hbigbss                                bigbss       000000
__Hbigdata                               bigdata      000000
__Hbigram                                bigram       000000
__Hbigsfr                                bigsfr       000000
__Hbss                                   bss          000000
__HbssBANK0                              bssBANK0     000000
__HbssCOMRAM                             bssCOMRAM    000000
__Hcinit                                 cinit        000000
__Hclrtext                               clrtext      000000
__Hcomram                                comram       000000
__Hconfig                                config       30000E
__Hconst                                 const        000000
__HcstackBANK0                           cstackBANK0  000000
__HcstackBANK1                           cstackBANK1  000000
__HcstackCOMRAM                          cstackCOMRAM 000000
__Hdata                                  data         000000
__HdataBANK0                             dataBANK0    000000
__HdataCOMRAM                            dataCOMRAM   000000
__Heeprom_data                           eeprom_data  000000
__Hfarbss                                farbss       000000
__Hfardata                               fardata      000000
__Hheap                                  heap         000000
__Hibigdata                              ibigdata     000000
__Hidata                                 idata        000000
__HidataBANK0                            idataBANK0   000000
__HidataCOMRAM                           idataCOMRAM  000000
__Hidloc                                 idloc        000000
__Hifardata                              ifardata     000000
__Hinit                                  init         0001F4
__Hintcode                               intcode      00000E
__Hintcode_body                          intcode_body 000000
__Hintcodelo                             intcodelo    0001F0
__Hintentry                              intentry     000000
__Hintret                                intret       000000
__Hintsave_regs                          intsave_regs 000000
__Hirdata                                irdata       000000
__Hmediumconst                           mediumconst  000000
__HnvFARRAM                              nvFARRAM     000000
__Hnvbit                                 nvbit        000000
__Hnvrram                                nvrram       000000
__Hparam                                 rparam       000000
__Hpowerup                               powerup      0001F0
__Hram                                   ram          000000
__Hramtop                                ramtop       001000
__Hrbit                                  rbit         000000
__Hrbss                                  rbss         000000
__Hrdata                                 rdata        000000
__Hreset_vec                             reset_vec    000004
__Hrparam                                rparam       000000
__Hsfr                                   sfr          000000
__Hsmallconst                            smallconst   001018
__Hspace_0                               (abs)        0021B4
__Hspace_1                               (abs)        000102
__Hspace_2                               (abs)        000000
__Hspace_4                               (abs)        60000E
__Hstack                                 stack        000000
__Hstruct                                struct       000000
__Htemp                                  temp         000060
__Htext                                  text         000000
__Htext0                                 text0        000000
__Htext1                                 text1        000000
__Htext10                                text10       000000
__Htext11                                text11       000000
__Htext12                                text12       000000
__Htext13                                text13       000000
__Htext14                                text14       000000
__Htext16                                text16       000000
__Htext17                                text17       000000
__Htext18                                text18       000000
__Htext19                                text19       000000
__Htext2                                 text2        000000
__Htext20                                text20       000000
__Htext21                                text21       000000
__Htext22                                text22       000000
__Htext23                                text23       000000
__Htext24                                text24       000000
__Htext25                                text25       000000
__Htext26                                text26       000000
__Htext27                                text27       000000
__Htext28                                text28       000000
__Htext29                                text29       000000
__Htext3                                 text3        000000
__Htext31                                text31       000000
__Htext32                                text32       000000
__Htext33                                text33       000000
__Htext34                                text34       000000
__Htext35                                text35       000000
__Htext36                                text36       000000
__Htext37                                text37       000000
__Htext38                                text38       000000
__Htext39                                text39       000000
__Htext4                                 text4        000000
__Htext40                                text40       000000
__Htext41                                text41       000000
__Htext42                                text42       000000
__Htext43                                text43       000000
__Htext44                                text44       000000
__Htext45                                text45       000000
__Htext46                                text46       000000
__Htext5                                 text5        000000
__Htext6                                 text6        000000
__Htext7                                 text7        000000
__Htext8                                 text8        000000
__Htext9                                 text9        000000
__LRAM                                   (abs)        000001
__L__absolute__                          __absolute__ 000000
__Labs1                                  abs1         000000
__Lbank0                                 bank0        000000
__Lbank1                                 bank1        000000
__Lbank10                                bank10       000000
__Lbank11                                bank11       000000
__Lbank12                                bank12       000000
__Lbank13                                bank13       000000
__Lbank14                                bank14       000000
__Lbank15                                bank15       000000
__Lbank2                                 bank2        000000
__Lbank3                                 bank3        000000
__Lbank4                                 bank4        000000
__Lbank5                                 bank5        000000
__Lbank6                                 bank6        000000
__Lbank7                                 bank7        000000
__Lbank8                                 bank8        000000
__Lbank9                                 bank9        000000
__Lbigbss                                bigbss       000000
__Lbigdata                               bigdata      000000
__Lbigram                                bigram       000000
__Lbigsfr                                bigsfr       000000
__Lbss                                   bss          000000
__LbssBANK0                              bssBANK0     000000
__LbssCOMRAM                             bssCOMRAM    000000
__Lcinit                                 cinit        000000
__Lclrtext                               clrtext      000000
__Lcomram                                comram       000000
__Lconfig                                config       000000
__Lconst                                 const        000000
__LcstackBANK0                           cstackBANK0  000000
__LcstackBANK1                           cstackBANK1  000000
__LcstackCOMRAM                          cstackCOMRAM 000000
__Ldata                                  data         000000
__LdataBANK0                             dataBANK0    000000
__LdataCOMRAM                            dataCOMRAM   000000
__Leeprom_data                           eeprom_data  000000
__Lfarbss                                farbss       000000
__Lfardata                               fardata      000000
__Lheap                                  heap         000000
__Libigdata                              ibigdata     000000
__Lidata                                 idata        000000
__LidataBANK0                            idataBANK0   000000
__LidataCOMRAM                           idataCOMRAM  000000
__Lidloc                                 idloc        000000
__Lifardata                              ifardata     000000
__Linit                                  init         0001F0
__Lintcode                               intcode      000008
__Lintcode_body                          intcode_body 000000
__Lintcodelo                             intcodelo    000018
__Lintentry                              intentry     000000
__Lintret                                intret       000000
__Lintsave_regs                          intsave_regs 000000
__Lirdata                                irdata       000000
__Lmediumconst                           mediumconst  000000
__LnvFARRAM                              nvFARRAM     000000
__Lnvbit                                 nvbit        000000
__Lnvrram                                nvrram       000000
__Lparam                                 rparam       000000
__Lpowerup                               powerup      0001F0
__Lram                                   ram          000000
__Lramtop                                ramtop       001000
__Lrbit                                  rbit         000000
__Lrbss                                  rbss         000000
__Lrdata                                 rdata        000000
__Lreset_vec                             reset_vec    000000
__Lrparam                                rparam       000000
__Lsfr                                   sfr          000000
__Lsmallconst                            smallconst   001000
__Lspace_0                               (abs)        000000
__Lspace_1                               (abs)        000000
__Lspace_2                               (abs)        000000
__Lspace_4                               (abs)        000000
__Lstack                                 stack        000000
__Lstruct                                struct       000000
__Ltemp                                  temp         00005F
__Ltext                                  text         000000
__Ltext0                                 text0        000000
__Ltext1                                 text1        000000
__Ltext10                                text10       000000
__Ltext11                                text11       000000
__Ltext12                                text12       000000
__Ltext13                                text13       000000
__Ltext14                                text14       000000
__Ltext16                                text16       000000
__Ltext17                                text17       000000
__Ltext18                                text18       000000
__Ltext19                                text19       000000
__Ltext2                                 text2        000000
__Ltext20                                text20       000000
__Ltext21                                text21       000000
__Ltext22                                text22       000000
__Ltext23                                text23       000000
__Ltext24                                text24       000000
__Ltext25                                text25       000000
__Ltext26                                text26       000000
__Ltext27                                text27       000000
__Ltext28                                text28       000000
__Ltext29                                text29       000000
__Ltext3                                 text3        000000
__Ltext31                                text31       000000
__Ltext32                                text32       000000
__Ltext33                                text33       000000
__Ltext34                                text34       000000
__Ltext35                                text35       000000
__Ltext36                                text36       000000
__Ltext37                                text37       000000
__Ltext38                                text38       000000
__Ltext39                                text39       000000
__Ltext4                                 text4        000000
__Ltext40                                text40       000000
__Ltext41                                text41       000000
__Ltext42                                text42       000000
__Ltext43                                text43       000000
__Ltext44                                text44       000000
__Ltext45                                text45       000000
__Ltext46                                text46       000000
__Ltext5                                 text5        000000
__Ltext6                                 text6        000000
__Ltext7                                 text7        000000
__Ltext8                                 text8        000000
__Ltext9                                 text9        000000
__S0                                     (abs)        0021B4
__S1                                     (abs)        000102
__S4                                     (abs)        000000
__S5                                     (abs)        000000
___heap_hi                               (abs)        000000
___heap_lo                               (abs)        000000
___inthi_sp                              stack        000000
___intlo_sp                              stack        000000
___param_bank                            (abs)        000000
___rparam_used                           (abs)        000001
___sp                                    stack        000000
__accesstop                              (abs)        000080
__activetblptr                           (abs)        000003
__end_of_ADC_ISR                         text29       002194
__end_of_INT0_ISR                        text45       0021B4
__end_of_INT1_ISR                        text28       002190
__end_of_INT2_ISR                        text27       00218C
__end_of_InterruptManagerHigh            intcode_body 0011F8
__end_of_InterruptManagerLow             intcodelo    0001F0
__end_of_RB4_ISR                         text26       002188
__end_of_RB5_ISR                         text25       002184
__end_of_RB6_ISR                         text24       002180
__end_of_RB7_ISR                         text23       00217C
__end_of_TMR0_ISR                        text16       002094
__end_of_TMR0_ISR_HANDLER                text17       00210E
__end_of_Timer0_Init                     text10       001930
__end_of_Timer0_Mode_Select              text13       001BEA
__end_of_Timer0_Prescaler_Config         text12       001E74
__end_of_Timer0_Read_Value               text14       001E1A
__end_of_Timer0_Register_Size_Config     text11       00205E
__end_of__initialization                 cinit        001DB0
__end_of_application_initialize          text1        00215A
__end_of_btn_values                      smallconst   001011
__end_of_ecu_layer_initialize            text2        00216A
__end_of_gpio_pin_direction_initialize   text9        001360
__end_of_gpio_pin_initialize             text7        001A52
__end_of_gpio_pin_write_logic            text8        0014B0
__end_of_lcd_4bit_initialize             text3        001844
__end_of_lcd_4bit_send_char_data         text19       001CE6
__end_of_lcd_4bit_send_command           text4        001C68
__end_of_lcd_4bit_send_enable_signal     text6        001F24
__end_of_lcd_4bit_send_string            text18       001ECE
__end_of_lcd_send_4bits                  text5        0019C2
__end_of_main                            text0        0020EC
__end_ofi1_gpio_pin_write_logic          text22       001600
__end_ofi1_lcd_4bit_send_enable_signal   text21       001FCE
__end_ofi1_lcd_send_4bits                text20       001AE2
__end_ofi2_ADC_ISR                       text44       0021B0
__end_ofi2_INT1_ISR                      text43       0021AC
__end_ofi2_INT2_ISR                      text42       0021A8
__end_ofi2_RB4_ISR                       text41       0021A4
__end_ofi2_RB5_ISR                       text40       0021A0
__end_ofi2_RB6_ISR                       text39       00219C
__end_ofi2_RB7_ISR                       text38       002198
__end_ofi2_TMR0_ISR                      text31       0020CA
__end_ofi2_TMR0_ISR_HANDLER              text32       002146
__end_ofi2_gpio_pin_write_logic          text37       00174A
__end_ofi2_lcd_4bit_send_char_data       text34       001D58
__end_ofi2_lcd_4bit_send_enable_signal   text36       00201E
__end_ofi2_lcd_4bit_send_string          text33       001F7A
__end_ofi2_lcd_send_4bits                text35       001B6A
__initialization                         cinit        001D58
__mediumconst                            mediumconst  000000
__pbssBANK0                              bssBANK0     0000D5
__pbssCOMRAM                             bssCOMRAM    000001
__pcinit                                 cinit        001D58
__pcstackBANK0                           cstackBANK0  000080
__pcstackBANK1                           cstackBANK1  000100
__pcstackCOMRAM                          cstackCOMRAM 00002B
__pdataBANK0                             dataBANK0    0000B4
__pdataCOMRAM                            dataCOMRAM   000051
__pidataBANK0                            idataBANK0   00210E
__pidataCOMRAM                           idataCOMRAM  00216A
__pintcode                               intcode      000008
__pintcode_body                          intcode_body 001018
__pintcodelo                             intcodelo    000018
__psmallconst                            smallconst   001000
__ptext0                                 text0        0020CA
__ptext1                                 text1        002146
__ptext10                                text10       001844
__ptext11                                text11       00201E
__ptext12                                text12       001E1A
__ptext13                                text13       001B6A
__ptext14                                text14       001DBA
__ptext16                                text16       00205E
__ptext17                                text17       0020EC
__ptext18                                text18       001E74
__ptext19                                text19       001C68
__ptext2                                 text2        00215A
__ptext20                                text20       001A52
__ptext21                                text21       001F7A
__ptext22                                text22       0014B0
__ptext23                                text23       002178
__ptext24                                text24       00217C
__ptext25                                text25       002180
__ptext26                                text26       002184
__ptext27                                text27       002188
__ptext28                                text28       00218C
__ptext29                                text29       002190
__ptext3                                 text3        00174A
__ptext31                                text31       002094
__ptext32                                text32       002130
__ptext33                                text33       001F24
__ptext34                                text34       001CE6
__ptext35                                text35       001AE2
__ptext36                                text36       001FCE
__ptext37                                text37       001600
__ptext38                                text38       002194
__ptext39                                text39       002198
__ptext4                                 text4        001BEA
__ptext40                                text40       00219C
__ptext41                                text41       0021A0
__ptext42                                text42       0021A4
__ptext43                                text43       0021A8
__ptext44                                text44       0021AC
__ptext45                                text45       0021B0
__ptext46                                text46       000000
__ptext5                                 text5        001930
__ptext6                                 text6        001ECE
__ptext7                                 text7        0019C2
__ptext8                                 text8        001360
__ptext9                                 text9        0011F8
__ramtop                                 ramtop       001000
__smallconst                             smallconst   001000
_application_initialize                  text1        002146
_btn_values                              smallconst   001001
_dc_motor_1                              dataCOMRAM   00005D
_dc_motor_2                              dataCOMRAM   00005B
_ecu_layer_initialize                    text2        00215A
_gpio_pin_direction_initialize           text9        0011F8
_gpio_pin_initialize                     text7        0019C2
_gpio_pin_write_logic                    text8        001360
_lat_registers                           dataBANK0    0000B4
_lcd1                                    dataBANK0    0000CF
_lcd_4bit_initialize                     text3        00174A
_lcd_4bit_send_char_data                 text19       001C68
_lcd_4bit_send_command                   text4        001BEA
_lcd_4bit_send_enable_signal             text6        001ECE
_lcd_4bit_send_string                    text18       001E74
_lcd_send_4bits                          text5        001930
_main                                    text0        0020CA
_port_registers                          dataCOMRAM   000051
_ret                                     bssCOMRAM    00001F
_timer0_preload                          bssCOMRAM    00000B
_tmr0_Read                               bssBANK0     0000E0
_tmr0_timer                              dataBANK0    0000C8
_tris_registers                          dataBANK0    0000BE
btemp                                    temp         00005F
end_of_initialization                    cinit        001DB0
gpio_pin_direction_initialize@pin_config cstackBANK0  00009E
gpio_pin_direction_initialize@ret        cstackBANK0  0000A6
gpio_pin_initialize@pin_config           cstackBANK0  0000A8
gpio_pin_initialize@ret                  cstackBANK0  0000AB
gpio_pin_write_logic@logic               cstackBANK0  0000A0
gpio_pin_write_logic@pin_config          cstackBANK0  00009E
gpio_pin_write_logic@ret                 cstackBANK0  0000A7
i1_gpio_pin_write_logic                  text22       0014B0
i1_lcd_4bit_send_enable_signal           text21       001F7A
i1_lcd_send_4bits                        text20       001A52
i1gpio_pin_write_logic@logic             cstackCOMRAM 00004D
i1gpio_pin_write_logic@pin_config        cstackCOMRAM 00004B
i1gpio_pin_write_logic@ret               cstackCOMRAM 00004E
i1lcd_4bit_send_enable_signal@lcd        cstackCOMRAM 00004F
i1lcd_4bit_send_enable_signal@ret        cstackBANK0  000086
i1lcd_send_4bits@_data_command           cstackBANK0  000088
i1lcd_send_4bits@lcd                     cstackBANK0  000086
i1lcd_send_4bits@ret                     cstackCOMRAM 00004F
i2_ADC_ISR                               text44       0021AC
i2_INT1_ISR                              text43       0021A8
i2_INT2_ISR                              text42       0021A4
i2_RB4_ISR                               text41       0021A0
i2_RB5_ISR                               text40       00219C
i2_RB6_ISR                               text39       002198
i2_RB7_ISR                               text38       002194
i2_TMR0_ISR                              text31       002094
i2_TMR0_ISR_HANDLER                      text32       002130
i2_gpio_pin_write_logic                  text37       001600
i2_lcd_4bit_send_char_data               text34       001CE6
i2_lcd_4bit_send_enable_signal           text36       001FCE
i2_lcd_4bit_send_string                  text33       001F24
i2_lcd_send_4bits                        text35       001AE2
i2gpio_pin_write_logic@logic             cstackCOMRAM 00002D
i2gpio_pin_write_logic@pin_config        cstackCOMRAM 00002B
i2gpio_pin_write_logic@ret               cstackCOMRAM 000034
i2lcd_4bit_send_char_data@data           cstackCOMRAM 00003B
i2lcd_4bit_send_char_data@lcd            cstackCOMRAM 000039
i2lcd_4bit_send_char_data@ret            cstackCOMRAM 00003C
i2lcd_4bit_send_enable_signal@lcd        cstackCOMRAM 000035
i2lcd_4bit_send_enable_signal@ret        cstackCOMRAM 000037
i2lcd_4bit_send_string@lcd               cstackCOMRAM 00003D
i2lcd_4bit_send_string@str               cstackCOMRAM 00003F
i2lcd_send_4bits@_data_command           cstackCOMRAM 000037
i2lcd_send_4bits@lcd                     cstackCOMRAM 000035
i2lcd_send_4bits@ret                     cstackCOMRAM 000038
int$flags                                temp         00005F
int_func                                 intcode_body 001018
intlevel0                                text         000000
intlevel1                                text         000000
intlevel2                                text         000000
intlevel3                                text         000000
isa$std                                  (abs)        000001
isa$xinst                                (abs)        000000
lcd_4bit_initialize@l_data_pins_counter  cstackBANK1  000100
lcd_4bit_initialize@lcd                  cstackBANK0  0000B0
lcd_4bit_initialize@ret                  cstackBANK1  000101
lcd_4bit_send_char_data@data             cstackBANK0  00008B
lcd_4bit_send_char_data@lcd              cstackBANK0  000089
lcd_4bit_send_char_data@ret              cstackBANK0  00008C
lcd_4bit_send_command@command            cstackBANK0  0000AE
lcd_4bit_send_command@lcd                cstackBANK0  0000AC
lcd_4bit_send_command@ret                cstackBANK0  0000AF
lcd_4bit_send_enable_signal@lcd          cstackBANK0  0000A8
lcd_4bit_send_enable_signal@ret          cstackBANK0  0000AA
lcd_4bit_send_string@lcd                 cstackBANK0  00008D
lcd_4bit_send_string@str                 cstackBANK0  00008F
lcd_send_4bits@_data_command             cstackBANK0  0000AA
lcd_send_4bits@lcd                       cstackBANK0  0000A8
lcd_send_4bits@ret                       cstackBANK0  0000AB
led_initialize@F3233                     bssCOMRAM    00002A
led_toggle@F3248                         bssCOMRAM    000027
led_turn_off@F3243                       bssCOMRAM    000028
led_turn_on@F3238                        bssCOMRAM    000029
relay_initialize@F3227                   bssCOMRAM    000026
relay_turn_off@F3237                     bssCOMRAM    000024
relay_turn_on@F3232                      bssCOMRAM    000025
stackhi                                  (abs)        000000
stacklo                                  (abs)        000000
start                                    init         0001F0
start_initialization                     cinit        001D58
ttemp5                                   temp         000060
ttemp6                                   temp         000063
ttemp7                                   temp         000067
wtemp8                                   temp         000060


MODULE INFORMATION

Module		Function		Class		Link	Load	Size
MCAL_Layer/Timer/hal_timer0.c
		_Timer0_Register_Size_Config		CODE           	201E	0000	64
		_Timer0_Init   		CODE           	1844	0000	236
		_Timer0_Read_Value		CODE           	1DBA	0000	96
		_Timer0_Prescaler_Config		CODE           	1E1A	0000	90
		_Timer0_Mode_Select		CODE           	1B6A	0000	128
		_TMR0_ISR      		CODE           	205E	0000	54

MCAL_Layer/Timer/hal_timer0.c estimated size: 668

ECU_Layer/Chr_LCD/ecu_chr_lcd.c
		_lcd_4bit_send_command		CODE           	1BEA	0000	126
		_lcd_4bit_send_char_data		CODE           	1C68	0000	126
		_lcd_send_4bits		CODE           	1930	0000	146
		_lcd_4bit_send_enable_signal		CODE           	1ECE	0000	86
		_lcd_4bit_initialize		CODE           	174A	0000	250
		_lcd_4bit_send_string		CODE           	1E74	0000	90

ECU_Layer/Chr_LCD/ecu_chr_lcd.c estimated size: 824

shared
		i1_lcd_send_4bits		CODE           	1A52	0000	144
		i2_lcd_send_4bits		CODE           	1AE2	0000	136
		i2_RB6_ISR     		CODE           	2198	0000	4
		i2_TMR0_ISR_HANDLER		CODE           	2130	0000	22
		i2_INT1_ISR    		CODE           	21A8	0000	4
		i2_RB7_ISR     		CODE           	2194	0000	4
		i2_lcd_4bit_send_char_data		CODE           	1CE6	0000	114
		i1_lcd_4bit_send_enable_signal		CODE           	1F7A	0000	84
		i2_lcd_4bit_send_enable_signal		CODE           	1FCE	0000	80
		_btn_values    		SMALLCONST     	1001	0000	16
		__initialization		CODE           	1D58	0000	88
		i2_INT2_ISR    		CODE           	21A4	0000	4
		i1_gpio_pin_write_logic		CODE           	14B0	0000	336
		i2_lcd_4bit_send_string		CODE           	1F24	0000	86
		i2_gpio_pin_write_logic		CODE           	1600	0000	330
		i2_RB4_ISR     		CODE           	21A0	0000	4
		i2_ADC_ISR     		CODE           	21AC	0000	4
		i2_TMR0_ISR    		CODE           	2094	0000	54
		i2_RB5_ISR     		CODE           	219C	0000	4

shared estimated size: 1518

MCAL_Layer/Interrupt/mcal_external_interrupt.c
		_RB4_ISR       		CODE           	2184	0000	4
		_RB5_ISR       		CODE           	2180	0000	4
		_RB6_ISR       		CODE           	217C	0000	4
		_RB7_ISR       		CODE           	2178	0000	4
		_INT0_ISR      		CODE           	21B0	0000	4
		_INT1_ISR      		CODE           	218C	0000	4
		_INT2_ISR      		CODE           	2188	0000	4

MCAL_Layer/Interrupt/mcal_external_interrupt.c estimated size: 28

MCAL_Layer/Interrupt/mcal_interrupt_manager.c
		_InterruptManagerLow		CODE           	0018	0000	472
		_InterruptManagerHigh		CODE           	0008	0000	486

MCAL_Layer/Interrupt/mcal_interrupt_manager.c estimated size: 958

MCAL_Layer/GPIO/hal_gpio.c
		_gpio_pin_write_logic		CODE           	1360	0000	336
		_gpio_pin_direction_initialize		CODE           	11F8	0000	360
		_gpio_pin_initialize		CODE           	19C2	0000	144

MCAL_Layer/GPIO/hal_gpio.c estimated size: 840

ECU_Layer/ecu_layer_init.c
		_ecu_layer_initialize		CODE           	215A	0000	16

ECU_Layer/ecu_layer_init.c estimated size: 16

application.c
		_application_initialize		CODE           	2146	0000	20
		_main          		CODE           	20CA	0000	34
		_TMR0_ISR_HANDLER		CODE           	20EC	0000	34

application.c estimated size: 88

MCAL_Layer/Interrupt/mcal_internal_interrupt.c
		_ADC_ISR       		CODE           	2190	0000	4

MCAL_Layer/Interrupt/mcal_internal_interrupt.c estimated size: 4

