Microchip MPLAB XC8 Compiler V2.41

Linker command line:

-W-3 \
  --edf=C:/Program Files/Microchip/MPLABX/v6.15/packs/Microchip/PIC18Fxxxx_DFP/1.4.151/xc8\pic\dat\20230323171731_en.msgs \
  -cn -h+dist/default/debug\application.debug.sym \
  --cmf=dist/default/debug\application.debug.cmf -z -Q18F4620 \
  -oC:\Users\mohop\AppData\Local\Temp\xcAslu0.\driver_tmp_3.o \
  --defsym=__MPLAB_BUILD=1 --fixupoverflow=error \
  -Mdist/default/debug/application.debug.map \
  --md=C:\Users\mohop\AppData\Local\Temp\xcAslu0.\driver_tmp_0.dat -E1 \
  -ver=XC8 Compiler --acfsm=1493 -ACODE=00h-0FFFFh -ACONST=00h-0FFFFh \
  -ASMALLCONST=01000h-010FFhx240 -AMEDIUMCONST=01000h-0FFFFh \
  -ACOMRAM=01h-07Fh -AABS1=00h-0F7Fh -ABIGRAM=01h-0F7Fh \
  -ARAM=080h-0FFh,0100h-01FFhx14,0F00h-0F7Fh -ABANK0=080h-0FFh \
  -ABANK1=0100h-01FFh -ABANK2=0200h-02FFh -ABANK3=0300h-03FFh \
  -ABANK4=0400h-04FFh -ABANK5=0500h-05FFh -ABANK6=0600h-06FFh \
  -ABANK7=0700h-07FFh -ABANK8=0800h-08FFh -ABANK9=0900h-09FFh \
  -ABANK10=0A00h-0AFFh -ABANK11=0B00h-0BFFh -ABANK12=0C00h-0CFFh \
  -ABANK13=0D00h-0DFFh -ABANK14=0E00h-0EFFh -ABANK15=0F00h-0F7Fh \
  -ASFR=0F80h-0FFFh -ABIGSFR=0F80h-0FFFh -ACONFIG=0300000h-030000Dh \
  -AIDLOC=0200000h-0200007h -AEEDATA=0F00000h-0F003FFh -peeprom_data=EEDATA \
  -preset_vec=00h,intcode=08h,intcodelo,powerup,init -pramtop=01000h \
  -psmallconst=SMALLCONST -pmediumconst=MEDIUMCONST -pconst=CONST \
  -AFARRAM=00h-00h \
  -prdata=COMRAM,nvrram=COMRAM,nvbit=COMRAM,rbss=COMRAM,rbit=COMRAM \
  -pfarbss=FARRAM,fardata=FARRAM,nvFARRAM=FARRAM \
  -pintsave_regs=BIGRAM,bigbss=BIGRAM,bigdata=BIGRAM -pbss=RAM \
  -pidata=CODE,irdata=CODE,ibigdata=CODE,ifardata=CODE -prparam=COMRAM \
  C:\Users\mohop\AppData\Local\Temp\xcAslu0.\driver_tmp_9.o \
  dist/default/debug\application.debug.o 

Object code version is 3.11

Machine type is 18F4620



                Name                               Link     Load   Length Selector   Space Scale
C:\Users\mohop\AppData\Local\Temp\xcAslu0.\driver_tmp_9.o
                config                           300000   300000        E        0       4
                init                                  E        E        4        4       0
                reset_vec                             0        0        4        0       0
dist/default/debug\application.debug.o
                intcode                               8        8        6        4       0
                config                           300000   300000        E        0       4
                temp                                 7E       7E        1        1       1
                smallconst                         1000     1000       16      800       0
                text37                             2674     2674        4      80B       0
                text36                             2670     2670        4      80B       0
                text35                             266C     266C        4      80B       0
                text34                             267C     267C        2      80B       0
                text33                             2668     2668        4      80B       0
                text32                             2664     2664        4      80B       0
                text31                             2660     2660        4      80B       0
                text30                             265C     265C        4      80B       0
                text29                             267A     267A        2      80B       0
                text28                             2678     2678        2      80B       0
                text27                             2658     2658        4      80B       0
                text26                             2654     2654        4      80B       0
                text25                             2650     2650        4      80B       0
                text24                             264C     264C        4      80B       0
                text23                             2634     2634        C      80B       0
                text22                             2628     2628        C      80B       0
                text21                             2646     2646        6      80B       0
                text20                             261C     261C        C      80B       0
                intcode_body                       1870     1870      2B0      80B       0
                text18                             1016     1016      4C0      80B       0
                text17                             14D6     14D6      39A      80B       0
                text16                             20BA     20BA      106      80B       0
                text15                             1B20     1B20      1B4      80B       0
                text14                             21C0     21C0       9A      80B       0
                text13                             25F2     25F2       1C      80B       0
                text12                             2640     2640        6      80B       0
                text11                             1F80     1F80      13A      80B       0
                text10                             25A6     25A6       28      80B       0
                text9                              2558     2558       4E      80B       0
                text8                              250A     250A       4E      80B       0
                text7                              23EE     23EE       78      80B       0
                text6                              24BA     24BA       50      80B       0
                text5                              1CD4     1CD4      162      80B       0
                text4                              1E36     1E36      14A      80B       0
                text3                              22EA     22EA       8A      80B       0
                text2                              2374     2374       7A      80B       0
                text1                              260E     260E        E      80B       0
                text0                              225A     225A       90      80B       0
                cstackCOMRAM                          1        1       48        1       1
                dataBANK0                            AB       AB       24       80       1
                bssBANK0                             80       80       2B       80       1
                dataCOMRAM                           7D       7D        1        1       1
                bssCOMRAM                            49       49       34        1       1
                cinit                              2466     2466       54      80B       0
                idataBANK0                         25CE     25CE       24      80B       0
                idataCOMRAM                        267E     267E        1      80B       0

TOTAL           Name                               Link     Load   Length     Space
        CLASS   CODE           
                intcode                               8        8        6         0
                init                                  E        E        4         0
                reset_vec                             0        0        4         0
                text37                             2674     2674        4         0
                text36                             2670     2670        4         0
                text35                             266C     266C        4         0
                text34                             267C     267C        2         0
                text33                             2668     2668        4         0
                text32                             2664     2664        4         0
                text31                             2660     2660        4         0
                text30                             265C     265C        4         0
                text29                             267A     267A        2         0
                text28                             2678     2678        2         0
                text27                             2658     2658        4         0
                text26                             2654     2654        4         0
                text25                             2650     2650        4         0
                text24                             264C     264C        4         0
                text23                             2634     2634        C         0
                text22                             2628     2628        C         0
                text21                             2646     2646        6         0
                text20                             261C     261C        C         0
                intcode_body                       1870     1870      2B0         0
                text18                             1016     1016      4C0         0
                text17                             14D6     14D6      39A         0
                text16                             20BA     20BA      106         0
                text15                             1B20     1B20      1B4         0
                text14                             21C0     21C0       9A         0
                text13                             25F2     25F2       1C         0
                text12                             2640     2640        6         0
                text11                             1F80     1F80      13A         0
                text10                             25A6     25A6       28         0
                text9                              2558     2558       4E         0
                text8                              250A     250A       4E         0
                text7                              23EE     23EE       78         0
                text6                              24BA     24BA       50         0
                text5                              1CD4     1CD4      162         0
                text4                              1E36     1E36      14A         0
                text3                              22EA     22EA       8A         0
                text2                              2374     2374       7A         0
                text1                              260E     260E        E         0
                text0                              225A     225A       90         0
                cinit                              2466     2466       54         0
                idataBANK0                         25CE     25CE       24         0
                idataCOMRAM                        267E     267E        1         0

        CLASS   CONST          

        CLASS   SMALLCONST     
                smallconst                         1000     1000       16         0

        CLASS   MEDIUMCONST    

        CLASS   COMRAM         
                temp                                 7E       7E        1         1
                cstackCOMRAM                          1        1       48         1
                dataCOMRAM                           7D       7D        1         1
                bssCOMRAM                            49       49       34         1

        CLASS   ABS1           

        CLASS   BIGRAM         

        CLASS   RAM            

        CLASS   BANK0          
                dataBANK0                            AB       AB       24         1
                bssBANK0                             80       80       2B         1

        CLASS   BANK1          

        CLASS   BANK2          

        CLASS   BANK3          

        CLASS   BANK4          

        CLASS   BANK5          

        CLASS   BANK6          

        CLASS   BANK7          

        CLASS   BANK8          

        CLASS   BANK9          

        CLASS   BANK10         

        CLASS   BANK11         

        CLASS   BANK12         

        CLASS   BANK13         

        CLASS   BANK14         

        CLASS   BANK15         

        CLASS   SFR            

        CLASS   BIGSFR         

        CLASS   CONFIG         
                config                           300000   300000        E         4

        CLASS   IDLOC          

        CLASS   EEDATA         

        CLASS   FARRAM         

        CLASS   HEAP           

        CLASS   STACK          



SEGMENTS        Name                           Load    Length   Top    Selector   Space  Class

                reset_vec                      000000  000004  000004         0       0  CODE    
                cstackCOMRAM                   000001  00007E  00007F         1       1  COMRAM  
                intcode                        000008  00000A  000012         4       0  CODE    
                bssBANK0                       000080  00004F  0000CF        80       1  BANK0   
                smallconst                     001000  000016  001016       800       0  SMALLCON
                text18                         001016  001669  00267F       80B       0  CODE    


UNUSED ADDRESS RANGES

        Name                Unused          Largest block    Delta
        BANK0            0000CF-0000FF               31
        BANK1            000100-0001FF              100
        BANK10           000A00-000AFF              100
        BANK11           000B00-000BFF              100
        BANK12           000C00-000CFF              100
        BANK13           000D00-000DFF              100
        BANK14           000E00-000EFF              100
        BANK15           000F00-000F7F               80
        BANK2            000200-0002FF              100
        BANK3            000300-0003FF              100
        BANK4            000400-0004FF              100
        BANK5            000500-0005FF              100
        BANK6            000600-0006FF              100
        BANK7            000700-0007FF              100
        BANK8            000800-0008FF              100
        BANK9            000900-0009FF              100
        BIGRAM           00007F-00007F                1
                         0000CF-000F7F              EB1
        BIGSFR           000F80-000FFF               80
        CODE             000004-000007                4
                         000012-000FFF              FEE
                         00267F-00FFFF             D981
        COMRAM           00007F-00007F                1
        CONST            000004-000007                4
                         000012-000FFF              FEE
                         00267F-00FFFF             D981
        EEDATA           F00000-F003FF              400
        IDLOC            200000-200007                8
        MEDIUMCONST      00267F-00FFFF             D981
        RAM              0000CF-000F7F              100
        SFR              000F80-000FFF               80
        SMALLCONST       00267F-00FFFF              100

                                  Symbol Table

?___fladd                                     cstackCOMRAM 000028
?___fldiv                                     cstackCOMRAM 00000F
?___fltol                                     cstackCOMRAM 000038
?___xxtofl                                    cstackCOMRAM 000001
CCP_Capture_Mode_Read_Value@F3523             bssCOMRAM    00005D
CCP_Compare_Mode_Set_Value@F3533              bssCOMRAM    00005B
EUSART_ASYNC_WriteStringNonBlocking@Counter   bssBANK0     000095
I2C_Master_Mode_Clock_Configurations@i2c_obj  cstackCOMRAM 000042
I2C_Send_1_byte@Data                          cstackCOMRAM 000006
I2C_Send_1_byte@ack                           cstackCOMRAM 000008
I2C_Send_1_byte@add                           cstackCOMRAM 000007
I2C_Slave_Mode_Configurations@i2c_obj         cstackCOMRAM 000001
MSSP_I2C_Init@i2c_obj                         cstackCOMRAM 000045
MSSP_I2C_Master_Send_Start@i2c_obj            cstackCOMRAM 000001
MSSP_I2C_Master_Send_Stop@i2c_obj             cstackCOMRAM 000001
MSSP_I2C_Master_Write_Blocking@ack            cstackCOMRAM 000004
MSSP_I2C_Master_Write_Blocking@i2c_data       cstackCOMRAM 000003
MSSP_I2C_Master_Write_Blocking@i2c_obj        cstackCOMRAM 000001
_ADC_ISR                                      text37       002674
_ADC_InterruptHandler                         bssCOMRAM    000063
_ADRESH                                       (abs)        000FC4
_ADRESL                                       (abs)        000FC3
_CCP1_ISR                                     text36       002670
_CCP1_InterruptHandler                        bssCOMRAM    000061
_CCP2_ISR                                     text35       00266C
_CCP2_InterruptHandler                        bssCOMRAM    00005F
_EUSART_FramingErrorHandler                   bssBANK0     000099
_EUSART_OverrunErrorHandler                   bssBANK0     000097
_EUSART_RX_ISR                                text34       00267C
_EUSART_RX_InterruptHandler                   bssBANK0     00009B
_EUSART_TX_ISR                                text33       002668
_EUSART_TX_InterruptHandler                   bssBANK0     00009D
_I2C_Master_Init                              text10       0025A6
_I2C_Master_Mode_Clock_Configurations         text14       0021C0
_I2C_Send_1_byte                              text6        0024BA
_I2C_Slave_Mode_Configurations                text13       0025F2
_INT0_ISR                                     text32       002664
_INT0_InterruptHandler                        bssCOMRAM    000059
_INT1_ISR                                     text31       002660
_INT1_InterruptHandler                        bssCOMRAM    000057
_INT2_ISR                                     text30       00265C
_INT2_InterruptHandler                        bssCOMRAM    000055
_InterruptManager                             intcode      000008
_MSSP_Bus_Collision_ISR                       text29       00267A
_MSSP_I2C_Init                                text11       001F80
_MSSP_I2C_Master_Send_Start                   text9        002558
_MSSP_I2C_Master_Send_Stop                    text8        00250A
_MSSP_I2C_Master_Write_Blocking               text7        0023EE
_MSSP_I2C_Mode_GPIO_CFG                       text12       002640
_MSSP_ISR                                     text28       002678
_Master_Received_Data                         bssCOMRAM    000066
_RB4_ISR                                      text27       002658
_RB4_InterruptHandler                         bssCOMRAM    000053
_RB4_pin_init_value                           bssCOMRAM    00006C
_RB5_ISR                                      text26       002654
_RB5_InterruptHandler                         bssCOMRAM    000051
_RB5_pin_init_value                           bssCOMRAM    00006B
_RB6_ISR                                      text25       002650
_RB6_InterruptHandler                         bssCOMRAM    00004F
_RB6_pin_init_value                           bssCOMRAM    00006A
_RB7_ISR                                      text24       00264C
_RB7_InterruptHandler                         bssBANK0     0000A5
_RB7_pin_init_value                           bssCOMRAM    000069
_SPI_Slave_Receive_Status                     bssCOMRAM    000068
_SS1_Pin                                      bssCOMRAM    00007C
_SS2_Pin                                      bssCOMRAM    00007B
_TMR0H                                        (abs)        000FD7
_TMR0_ISR                                     text23       002634
_TMR0_InterruptHandler                        bssBANK0     0000A3
_TMR1_ISR                                     text22       002628
_TMR1_InterruptHandler                        bssBANK0     0000A1
_TMR2_ISR                                     text21       002646
_TMR3_ISR                                     text20       00261C
_TMR3_InterruptHandler                        bssBANK0     00009F
__HRAM                                        (abs)        000000
__H__absolute__                               __absolute__ 000000
__Habs1                                       abs1         000000
__Hbank0                                      bank0        000000
__Hbank1                                      bank1        000000
__Hbank10                                     bank10       000000
__Hbank11                                     bank11       000000
__Hbank12                                     bank12       000000
__Hbank13                                     bank13       000000
__Hbank14                                     bank14       000000
__Hbank15                                     bank15       000000
__Hbank2                                      bank2        000000
__Hbank3                                      bank3        000000
__Hbank4                                      bank4        000000
__Hbank5                                      bank5        000000
__Hbank6                                      bank6        000000
__Hbank7                                      bank7        000000
__Hbank8                                      bank8        000000
__Hbank9                                      bank9        000000
__Hbigbss                                     bigbss       000000
__Hbigdata                                    bigdata      000000
__Hbigram                                     bigram       000000
__Hbigsfr                                     bigsfr       000000
__Hbss                                        bss          000000
__HbssBANK0                                   bssBANK0     000000
__HbssCOMRAM                                  bssCOMRAM    000000
__Hcinit                                      cinit        000000
__Hclrtext                                    clrtext      000000
__Hcomram                                     comram       000000
__Hconfig                                     config       30000E
__Hconst                                      const        000000
__HcstackCOMRAM                               cstackCOMRAM 000000
__Hdata                                       data         000000
__HdataBANK0                                  dataBANK0    000000
__HdataCOMRAM                                 dataCOMRAM   000000
__Heeprom_data                                eeprom_data  000000
__Hfarbss                                     farbss       000000
__Hfardata                                    fardata      000000
__Hheap                                       heap         000000
__Hibigdata                                   ibigdata     000000
__Hidata                                      idata        000000
__HidataBANK0                                 idataBANK0   000000
__HidataCOMRAM                                idataCOMRAM  000000
__Hidloc                                      idloc        000000
__Hifardata                                   ifardata     000000
__Hinit                                       init         000012
__Hintcode                                    intcode      00000E
__Hintcode_body                               intcode_body 000000
__Hintcodelo                                  intcodelo    00000E
__Hintentry                                   intentry     000000
__Hintret                                     intret       000000
__Hintsave_regs                               intsave_regs 000000
__Hirdata                                     irdata       000000
__Hmediumconst                                mediumconst  000000
__HnvFARRAM                                   nvFARRAM     000000
__Hnvbit                                      nvbit        000000
__Hnvrram                                     nvrram       000000
__Hparam                                      rparam       000000
__Hpowerup                                    powerup      00000E
__Hram                                        ram          000000
__Hramtop                                     ramtop       001000
__Hrbit                                       rbit         000000
__Hrbss                                       rbss         000000
__Hrdata                                      rdata        000000
__Hreset_vec                                  reset_vec    000004
__Hrparam                                     rparam       000000
__Hsfr                                        sfr          000000
__Hsmallconst                                 smallconst   001016
__Hspace_0                                    (abs)        00267F
__Hspace_1                                    (abs)        0000CF
__Hspace_2                                    (abs)        000000
__Hspace_4                                    (abs)        60000E
__Hstack                                      stack        000000
__Hstruct                                     struct       000000
__Htemp                                       temp         00007F
__Htext                                       text         000000
__Htext0                                      text0        000000
__Htext1                                      text1        000000
__Htext10                                     text10       000000
__Htext11                                     text11       000000
__Htext12                                     text12       000000
__Htext13                                     text13       000000
__Htext14                                     text14       000000
__Htext15                                     text15       000000
__Htext16                                     text16       000000
__Htext17                                     text17       000000
__Htext18                                     text18       000000
__Htext2                                      text2        000000
__Htext20                                     text20       000000
__Htext21                                     text21       000000
__Htext22                                     text22       000000
__Htext23                                     text23       000000
__Htext24                                     text24       000000
__Htext25                                     text25       000000
__Htext26                                     text26       000000
__Htext27                                     text27       000000
__Htext28                                     text28       000000
__Htext29                                     text29       000000
__Htext3                                      text3        000000
__Htext30                                     text30       000000
__Htext31                                     text31       000000
__Htext32                                     text32       000000
__Htext33                                     text33       000000
__Htext34                                     text34       000000
__Htext35                                     text35       000000
__Htext36                                     text36       000000
__Htext37                                     text37       000000
__Htext4                                      text4        000000
__Htext5                                      text5        000000
__Htext6                                      text6        000000
__Htext7                                      text7        000000
__Htext8                                      text8        000000
__Htext9                                      text9        000000
__LRAM                                        (abs)        000001
__L__absolute__                               __absolute__ 000000
__Labs1                                       abs1         000000
__Lbank0                                      bank0        000000
__Lbank1                                      bank1        000000
__Lbank10                                     bank10       000000
__Lbank11                                     bank11       000000
__Lbank12                                     bank12       000000
__Lbank13                                     bank13       000000
__Lbank14                                     bank14       000000
__Lbank15                                     bank15       000000
__Lbank2                                      bank2        000000
__Lbank3                                      bank3        000000
__Lbank4                                      bank4        000000
__Lbank5                                      bank5        000000
__Lbank6                                      bank6        000000
__Lbank7                                      bank7        000000
__Lbank8                                      bank8        000000
__Lbank9                                      bank9        000000
__Lbigbss                                     bigbss       000000
__Lbigdata                                    bigdata      000000
__Lbigram                                     bigram       000000
__Lbigsfr                                     bigsfr       000000
__Lbss                                        bss          000000
__LbssBANK0                                   bssBANK0     000000
__LbssCOMRAM                                  bssCOMRAM    000000
__Lcinit                                      cinit        000000
__Lclrtext                                    clrtext      000000
__Lcomram                                     comram       000000
__Lconfig                                     config       000000
__Lconst                                      const        000000
__LcstackCOMRAM                               cstackCOMRAM 000000
__Ldata                                       data         000000
__LdataBANK0                                  dataBANK0    000000
__LdataCOMRAM                                 dataCOMRAM   000000
__Leeprom_data                                eeprom_data  000000
__Lfarbss                                     farbss       000000
__Lfardata                                    fardata      000000
__Lheap                                       heap         000000
__Libigdata                                   ibigdata     000000
__Lidata                                      idata        000000
__LidataBANK0                                 idataBANK0   000000
__LidataCOMRAM                                idataCOMRAM  000000
__Lidloc                                      idloc        000000
__Lifardata                                   ifardata     000000
__Linit                                       init         00000E
__Lintcode                                    intcode      000008
__Lintcode_body                               intcode_body 000000
__Lintcodelo                                  intcodelo    00000E
__Lintentry                                   intentry     000000
__Lintret                                     intret       000000
__Lintsave_regs                               intsave_regs 000000
__Lirdata                                     irdata       000000
__Lmediumconst                                mediumconst  000000
__LnvFARRAM                                   nvFARRAM     000000
__Lnvbit                                      nvbit        000000
__Lnvrram                                     nvrram       000000
__Lparam                                      rparam       000000
__Lpowerup                                    powerup      00000E
__Lram                                        ram          000000
__Lramtop                                     ramtop       001000
__Lrbit                                       rbit         000000
__Lrbss                                       rbss         000000
__Lrdata                                      rdata        000000
__Lreset_vec                                  reset_vec    000000
__Lrparam                                     rparam       000000
__Lsfr                                        sfr          000000
__Lsmallconst                                 smallconst   001000
__Lspace_0                                    (abs)        000000
__Lspace_1                                    (abs)        000000
__Lspace_2                                    (abs)        000000
__Lspace_4                                    (abs)        000000
__Lstack                                      stack        000000
__Lstruct                                     struct       000000
__Ltemp                                       temp         00007E
__Ltext                                       text         000000
__Ltext0                                      text0        000000
__Ltext1                                      text1        000000
__Ltext10                                     text10       000000
__Ltext11                                     text11       000000
__Ltext12                                     text12       000000
__Ltext13                                     text13       000000
__Ltext14                                     text14       000000
__Ltext15                                     text15       000000
__Ltext16                                     text16       000000
__Ltext17                                     text17       000000
__Ltext18                                     text18       000000
__Ltext2                                      text2        000000
__Ltext20                                     text20       000000
__Ltext21                                     text21       000000
__Ltext22                                     text22       000000
__Ltext23                                     text23       000000
__Ltext24                                     text24       000000
__Ltext25                                     text25       000000
__Ltext26                                     text26       000000
__Ltext27                                     text27       000000
__Ltext28                                     text28       000000
__Ltext29                                     text29       000000
__Ltext3                                      text3        000000
__Ltext30                                     text30       000000
__Ltext31                                     text31       000000
__Ltext32                                     text32       000000
__Ltext33                                     text33       000000
__Ltext34                                     text34       000000
__Ltext35                                     text35       000000
__Ltext36                                     text36       000000
__Ltext37                                     text37       000000
__Ltext4                                      text4        000000
__Ltext5                                      text5        000000
__Ltext6                                      text6        000000
__Ltext7                                      text7        000000
__Ltext8                                      text8        000000
__Ltext9                                      text9        000000
__S0                                          (abs)        00267F
__S1                                          (abs)        0000CF
__S4                                          (abs)        000000
__S5                                          (abs)        000000
___fladd                                      text18       001016
___fladd@a                                    cstackCOMRAM 00002C
___fladd@aexp                                 cstackCOMRAM 000035
___fladd@b                                    cstackCOMRAM 000028
___fladd@bexp                                 cstackCOMRAM 000036
___fladd@grs                                  cstackCOMRAM 000037
___fladd@signs                                cstackCOMRAM 000034
___fldiv                                      text17       0014D6
___fldiv@a                                    cstackCOMRAM 000013
___fldiv@aexp                                 cstackCOMRAM 000027
___fldiv@b                                    cstackCOMRAM 00000F
___fldiv@bexp                                 cstackCOMRAM 000026
___fldiv@grs                                  cstackCOMRAM 000022
___fldiv@new_exp                              cstackCOMRAM 000020
___fldiv@rem                                  cstackCOMRAM 00001B
___fldiv@sign                                 cstackCOMRAM 00001F
___fltol                                      text16       0020BA
___fltol@exp1                                 cstackCOMRAM 000041
___fltol@f1                                   cstackCOMRAM 000038
___fltol@sign1                                cstackCOMRAM 000040
___heap_hi                                    (abs)        000000
___heap_lo                                    (abs)        000000
___inthi_sp                                   stack        000000
___intlo_sp                                   stack        000000
___param_bank                                 (abs)        000000
___rparam_used                                (abs)        000001
___sp                                         stack        000000
___xxtofl                                     text15       001B20
___xxtofl@arg                                 cstackCOMRAM 00000B
___xxtofl@exp                                 cstackCOMRAM 00000A
___xxtofl@sign                                cstackCOMRAM 000009
___xxtofl@val                                 cstackCOMRAM 000001
__accesstop                                   (abs)        000080
__activetblptr                                (abs)        000003
__end_of_ADC_ISR                              text37       002678
__end_of_CCP1_ISR                             text36       002674
__end_of_CCP2_ISR                             text35       002670
__end_of_EUSART_RX_ISR                        text34       00267E
__end_of_EUSART_TX_ISR                        text33       00266C
__end_of_I2C_Master_Init                      text10       0025CE
__end_of_I2C_Master_Mode_Clock_Configurations text14       00225A
__end_of_I2C_Send_1_byte                      text6        00250A
__end_of_I2C_Slave_Mode_Configurations        text13       00260E
__end_of_INT0_ISR                             text32       002668
__end_of_INT1_ISR                             text31       002664
__end_of_INT2_ISR                             text30       002660
__end_of_InterruptManager                     intcode_body 001B20
__end_of_MSSP_Bus_Collision_ISR               text29       00267C
__end_of_MSSP_I2C_Init                        text11       0020BA
__end_of_MSSP_I2C_Master_Send_Start           text9        0025A6
__end_of_MSSP_I2C_Master_Send_Stop            text8        002558
__end_of_MSSP_I2C_Master_Write_Blocking       text7        002466
__end_of_MSSP_I2C_Mode_GPIO_CFG               text12       002646
__end_of_MSSP_ISR                             text28       00267A
__end_of_RB4_ISR                              text27       00265C
__end_of_RB5_ISR                              text26       002658
__end_of_RB6_ISR                              text25       002654
__end_of_RB7_ISR                              text24       002650
__end_of_TMR0_ISR                             text23       002640
__end_of_TMR1_ISR                             text22       002634
__end_of_TMR2_ISR                             text21       00264C
__end_of_TMR3_ISR                             text20       002628
__end_of___fladd                              text18       0014D6
__end_of___fldiv                              text17       001870
__end_of___fltol                              text16       0021C0
__end_of___xxtofl                             text15       001CD4
__end_of__initialization                      cinit        0024B0
__end_of_btn_values                           smallconst   001011
__end_of_ecu_layer_initialize                 text1        00261C
__end_of_gpio_pin_direction_initialize        text5        001E36
__end_of_gpio_pin_initialize                  text3        002374
__end_of_gpio_pin_write_logic                 text4        001F80
__end_of_led_initialize                       text2        0023EE
__end_of_main                                 text0        0022EA
__initialization                              cinit        002466
__mediumconst                                 mediumconst  000000
__pbssBANK0                                   bssBANK0     000080
__pbssCOMRAM                                  bssCOMRAM    000049
__pcinit                                      cinit        002466
__pcstackCOMRAM                               cstackCOMRAM 000001
__pdataBANK0                                  dataBANK0    0000AB
__pdataCOMRAM                                 dataCOMRAM   00007D
__pidataBANK0                                 idataBANK0   0025CE
__pidataCOMRAM                                idataCOMRAM  00267E
__pintcode                                    intcode      000008
__pintcode_body                               intcode_body 001870
__psmallconst                                 smallconst   001000
__ptext0                                      text0        00225A
__ptext1                                      text1        00260E
__ptext10                                     text10       0025A6
__ptext11                                     text11       001F80
__ptext12                                     text12       002640
__ptext13                                     text13       0025F2
__ptext14                                     text14       0021C0
__ptext15                                     text15       001B20
__ptext16                                     text16       0020BA
__ptext17                                     text17       0014D6
__ptext18                                     text18       001016
__ptext2                                      text2        002374
__ptext20                                     text20       00261C
__ptext21                                     text21       002646
__ptext22                                     text22       002628
__ptext23                                     text23       002634
__ptext24                                     text24       00264C
__ptext25                                     text25       002650
__ptext26                                     text26       002654
__ptext27                                     text27       002658
__ptext28                                     text28       002678
__ptext29                                     text29       00267A
__ptext3                                      text3        0022EA
__ptext30                                     text30       00265C
__ptext31                                     text31       002660
__ptext32                                     text32       002664
__ptext33                                     text33       002668
__ptext34                                     text34       00267C
__ptext35                                     text35       00266C
__ptext36                                     text36       002670
__ptext37                                     text37       002674
__ptext4                                      text4        001E36
__ptext5                                      text5        001CD4
__ptext6                                      text6        0024BA
__ptext7                                      text7        0023EE
__ptext8                                      text8        00250A
__ptext9                                      text9        002558
__ramtop                                      ramtop       001000
__smallconst                                  smallconst   001000
_btn_values                                   smallconst   001001
_ecu_layer_initialize                         text1        00260E
_gpio_pin_direction_initialize                text5        001CD4
_gpio_pin_initialize                          text3        0022EA
_gpio_pin_write_logic                         text4        001E36
_i2c_obj                                      bssCOMRAM    000074
_lat_registers                                dataBANK0    0000B5
_lcd1                                         dataBANK0    0000C9
_led1                                         dataCOMRAM   00007D
_led_initialize                               text2        002374
_main                                         text0        00225A
_port_registers                               dataBANK0    0000AB
_ret                                          bssCOMRAM    000065
_spi_obj                                      bssBANK0     0000A9
_spi_obj2                                     bssBANK0     0000A7
_timer0_preload                               bssCOMRAM    00004D
_timer1_preload                               bssCOMRAM    00004B
_timer2_preload                               bssCOMRAM    000067
_timer3_preload                               bssCOMRAM    000049
_tris_registers                               dataBANK0    0000BF
btemp                                         temp         00007E
end_of_initialization                         cinit        0024B0
gpio_pin_direction_initialize@pin_config      cstackCOMRAM 000001
gpio_pin_direction_initialize@ret             cstackCOMRAM 000009
gpio_pin_initialize@pin_config                cstackCOMRAM 00000B
gpio_pin_initialize@ret                       cstackCOMRAM 00000E
gpio_pin_write_logic@logic                    cstackCOMRAM 000003
gpio_pin_write_logic@pin_config               cstackCOMRAM 000001
gpio_pin_write_logic@ret                      cstackCOMRAM 00000A
int$flags                                     temp         00007E
int_func                                      intcode_body 001870
intlevel0                                     text         000000
intlevel1                                     text         000000
intlevel2                                     text         000000
intlevel3                                     text         000000
isa$std                                       (abs)        000001
isa$xinst                                     (abs)        000000
led_initialize@F3385                          bssCOMRAM    000073
led_initialize@led                            cstackCOMRAM 00000F
led_initialize@pin_obj                        cstackCOMRAM 000013
led_initialize@ret                            cstackCOMRAM 000012
led_toggle@F3400                              bssCOMRAM    000070
led_turn_off@F3395                            bssCOMRAM    000071
led_turn_on@F3390                             bssCOMRAM    000072
relay_initialize@F3379                        bssCOMRAM    00006F
relay_turn_off@F3389                          bssCOMRAM    00006D
relay_turn_on@F3384                           bssCOMRAM    00006E
stackhi                                       (abs)        000000
stacklo                                       (abs)        000000
start                                         init         00000E
start_initialization                          cinit        002466
ttemp5                                        temp         00007F
ttemp6                                        temp         000082
ttemp7                                        temp         000086
wtemp8                                        temp         00007F


MODULE INFORMATION

Module		Function		Class		Link	Load	Size
C:\Program Files\Microchip\xc8\v2.41\pic\sources\c99\common\fltol.c
		___fltol       		CODE           	20BA	0000	262

C:\Program Files\Microchip\xc8\v2.41\pic\sources\c99\common\fltol.c estimated size: 262

C:\Program Files\Microchip\xc8\v2.41\pic\sources\c99\common\xxtofl.c
		___xxtofl      		CODE           	1B20	0000	436

C:\Program Files\Microchip\xc8\v2.41\pic\sources\c99\common\xxtofl.c estimated size: 436

C:\Program Files\Microchip\xc8\v2.41\pic\sources\c99\common\sprcadd.c
		___fladd       		CODE           	1016	0000	1216

C:\Program Files\Microchip\xc8\v2.41\pic\sources\c99\common\sprcadd.c estimated size: 1216

MCAL_Layer/I2C/hal_i2c.c
		_MSSP_I2C_Init 		CODE           	1F80	0000	314
		_MSSP_I2C_Master_Send_Stop		CODE           	250A	0000	78
		_MSSP_I2C_Master_Send_Start		CODE           	2558	0000	78
		_I2C_Slave_Mode_Configurations		CODE           	25F2	0000	28
		_I2C_Master_Mode_Clock_Configurations		CODE           	21C0	0000	154
		_MSSP_I2C_Mode_GPIO_CFG		CODE           	2640	0000	6
		_MSSP_I2C_Master_Write_Blocking		CODE           	23EE	0000	120

MCAL_Layer/I2C/hal_i2c.c estimated size: 778

shared
		_btn_values    		SMALLCONST     	1001	0000	16
		__initialization		CODE           	2466	0000	74

shared estimated size: 90

MCAL_Layer/Interrupt/mcal_external_interrupt.c
		_RB4_ISR       		CODE           	2658	0000	4
		_RB5_ISR       		CODE           	2654	0000	4
		_RB6_ISR       		CODE           	2650	0000	4
		_RB7_ISR       		CODE           	264C	0000	4
		_INT0_ISR      		CODE           	2664	0000	4
		_INT1_ISR      		CODE           	2660	0000	4
		_INT2_ISR      		CODE           	265C	0000	4

MCAL_Layer/Interrupt/mcal_external_interrupt.c estimated size: 28

MCAL_Layer/Interrupt/mcal_interrupt_manager.c
		_InterruptManager		CODE           	0008	0000	694

MCAL_Layer/Interrupt/mcal_interrupt_manager.c estimated size: 694

MCAL_Layer/GPIO/hal_gpio.c
		_gpio_pin_write_logic		CODE           	1E36	0000	330
		_gpio_pin_direction_initialize		CODE           	1CD4	0000	354
		_gpio_pin_initialize		CODE           	22EA	0000	138

MCAL_Layer/GPIO/hal_gpio.c estimated size: 822

MCAL_Layer/USART/hal_usart.c
		_EUSART_RX_ISR 		CODE           	267C	0000	2
		_EUSART_TX_ISR 		CODE           	2668	0000	4

MCAL_Layer/USART/hal_usart.c estimated size: 6

ECU_Layer/LED/ecu_led.c
		_led_initialize		CODE           	2374	0000	122

ECU_Layer/LED/ecu_led.c estimated size: 122

ECU_Layer/ecu_layer_init.c
		_ecu_layer_initialize		CODE           	260E	0000	14

ECU_Layer/ecu_layer_init.c estimated size: 14

application.c
		_I2C_Send_1_byte		CODE           	24BA	0000	80
		_I2C_Master_Init		CODE           	25A6	0000	40
		_main          		CODE           	225A	0000	144

application.c estimated size: 264

MCAL_Layer/Timer3/hal_timer3.c
		_TMR3_ISR      		CODE           	261C	0000	12

MCAL_Layer/Timer3/hal_timer3.c estimated size: 12

MCAL_Layer/Timer2/hal_timer2.c
		_TMR2_ISR      		CODE           	2646	0000	6

MCAL_Layer/Timer2/hal_timer2.c estimated size: 6

MCAL_Layer/Timer1/hal_timer1.c
		_TMR1_ISR      		CODE           	2628	0000	12

MCAL_Layer/Timer1/hal_timer1.c estimated size: 12

MCAL_Layer/Timer0/hal_timer0.c
		_TMR0_ISR      		CODE           	2634	0000	12

MCAL_Layer/Timer0/hal_timer0.c estimated size: 12

MCAL_Layer/CCP/hal_ccp.c
		_CCP1_ISR      		CODE           	2670	0000	4
		_CCP2_ISR      		CODE           	266C	0000	4

MCAL_Layer/CCP/hal_ccp.c estimated size: 8

C:\Program Files\Microchip\xc8\v2.41\pic\sources\c99\common\sprcdiv.c
		___fldiv       		CODE           	14D6	0000	922

C:\Program Files\Microchip\xc8\v2.41\pic\sources\c99\common\sprcdiv.c estimated size: 922

MCAL_Layer/Interrupt/mcal_internal_interrupt.c
		_MSSP_Bus_Collision_ISR		CODE           	267A	0000	2
		_MSSP_ISR      		CODE           	2678	0000	2
		_ADC_ISR       		CODE           	2674	0000	4

MCAL_Layer/Interrupt/mcal_internal_interrupt.c estimated size: 8

