Microchip MPLAB XC8 Compiler V2.41

Linker command line:

-W-3 \
  --edf=C:/Program Files/Microchip/MPLABX/v6.15/packs/Microchip/PIC18Fxxxx_DFP/1.4.151/xc8\pic\dat\20230323171731_en.msgs \
  -cn -h+dist/default/production\application.production.sym \
  --cmf=dist/default/production\application.production.cmf -z -Q18F4620 \
  -oC:\Users\mohop\AppData\Local\Temp\xcAsgvg.\driver_tmp_3.o \
  --defsym=__MPLAB_BUILD=1 --fixupoverflow=error \
  -Mdist/default/production/application.production.map \
  --md=C:\Users\mohop\AppData\Local\Temp\xcAsgvg.\driver_tmp_0.dat -E1 \
  -ver=XC8 Compiler --acfsm=1493 -ACODE=00h-0FFFFh -ACONST=00h-0FFFFh \
  -ASMALLCONST=01000h-010FFhx240 -AMEDIUMCONST=01000h-0FFFFh \
  -ACOMRAM=01h-07Fh -AABS1=00h-0F7Fh -ABIGRAM=01h-0F7Fh \
  -ARAM=080h-0FFh,0100h-01FFhx14,0F00h-0F7Fh -ABANK0=080h-0FFh \
  -ABANK1=0100h-01FFh -ABANK2=0200h-02FFh -ABANK3=0300h-03FFh \
  -ABANK4=0400h-04FFh -ABANK5=0500h-05FFh -ABANK6=0600h-06FFh \
  -ABANK7=0700h-07FFh -ABANK8=0800h-08FFh -ABANK9=0900h-09FFh \
  -ABANK10=0A00h-0AFFh -ABANK11=0B00h-0BFFh -ABANK12=0C00h-0CFFh \
  -ABANK13=0D00h-0DFFh -ABANK14=0E00h-0EFFh -ABANK15=0F00h-0F7Fh \
  -ASFR=0F80h-0FFFh -ABIGSFR=0F80h-0FFFh -ACONFIG=0300000h-030000Dh \
  -AIDLOC=0200000h-0200007h -AEEDATA=0F00000h-0F003FFh -peeprom_data=EEDATA \
  -preset_vec=00h,intcode=08h,intcodelo=018h,powerup,init -pramtop=01000h \
  -psmallconst=SMALLCONST -pmediumconst=MEDIUMCONST -pconst=CONST \
  -AFARRAM=00h-00h \
  -prdata=COMRAM,nvrram=COMRAM,nvbit=COMRAM,rbss=COMRAM,rbit=COMRAM \
  -pfarbss=FARRAM,fardata=FARRAM,nvFARRAM=FARRAM \
  -pintsave_regs=BIGRAM,bigbss=BIGRAM,bigdata=BIGRAM -pbss=RAM \
  -pidata=CODE,irdata=CODE,ibigdata=CODE,ifardata=CODE -prparam=COMRAM \
  C:\Users\mohop\AppData\Local\Temp\xcAsgvg.\driver_tmp_9.o \
  dist/default/production\application.production.o 

Object code version is 3.11

Machine type is 18F4620



                Name                               Link     Load   Length Selector   Space Scale
C:\Users\mohop\AppData\Local\Temp\xcAsgvg.\driver_tmp_9.o
                config                           300000   300000        E        0       4
                init                                160      160        4        C       0
                reset_vec                             0        0        4        0       0
dist/default/production\application.production.o
                intcodelo                            18       18      148        C       0
                intcode                               8        8        6        4       0
                config                           300000   300000        E        0       4
                temp                                 5F       5F        1        1       1
                smallconst                         1000     1000       16      800       0
                text22                             1316     1316        4      80B       0
                text21                             1312     1312        4      80B       0
                text20                             130E     130E        4      80B       0
                text19                             130A     130A        4      80B       0
                text18                             1306     1306        4      80B       0
                text17                             1302     1302        4      80B       0
                text16                             12FE     12FE        4      80B       0
                intcode_body                       1016     1016      150      80B       0
                text14                             12FA     12FA        4      80B       0
                text13                             12F6     12F6        4      80B       0
                text12                             12F2     12F2        4      80B       0
                text11                             12EE     12EE        4      80B       0
                text10                             12EA     12EA        4      80B       0
                text9                              12E6     12E6        4      80B       0
                text7                              12C4     12C4        E      80B       0
                text6                              12D2     12D2        C      80B       0
                text5                              11F2     11F2       3A      80B       0
                text4                              128A     128A       1E      80B       0
                text3                              12A8     12A8       1C      80B       0
                text2                              12DE     12DE        8      80B       0
                text1                              1166     1166       52      80B       0
                text0                              1262     1262       28      80B       0
                cstackCOMRAM                         55       55        A        1       1
                dataCOMRAM                            1        1       3A        1       1
                bssCOMRAM                            3B       3B       1A        1       1
                cinit                              122C     122C       36      80B       0
                idataCOMRAM                        11B8     11B8       3A      80B       0

TOTAL           Name                               Link     Load   Length     Space
        CLASS   CODE           
                intcodelo                            18       18      148         0
                intcode                               8        8        6         0
                init                                160      160        4         0
                reset_vec                             0        0        4         0
                text22                             1316     1316        4         0
                text21                             1312     1312        4         0
                text20                             130E     130E        4         0
                text19                             130A     130A        4         0
                text18                             1306     1306        4         0
                text17                             1302     1302        4         0
                text16                             12FE     12FE        4         0
                intcode_body                       1016     1016      150         0
                text14                             12FA     12FA        4         0
                text13                             12F6     12F6        4         0
                text12                             12F2     12F2        4         0
                text11                             12EE     12EE        4         0
                text10                             12EA     12EA        4         0
                text9                              12E6     12E6        4         0
                text7                              12C4     12C4        E         0
                text6                              12D2     12D2        C         0
                text5                              11F2     11F2       3A         0
                text4                              128A     128A       1E         0
                text3                              12A8     12A8       1C         0
                text2                              12DE     12DE        8         0
                text1                              1166     1166       52         0
                text0                              1262     1262       28         0
                cinit                              122C     122C       36         0
                idataCOMRAM                        11B8     11B8       3A         0

        CLASS   CONST          

        CLASS   SMALLCONST     
                smallconst                         1000     1000       16         0

        CLASS   MEDIUMCONST    

        CLASS   COMRAM         
                temp                                 5F       5F        1         1
                cstackCOMRAM                         55       55        A         1
                dataCOMRAM                            1        1       3A         1
                bssCOMRAM                            3B       3B       1A         1

        CLASS   ABS1           

        CLASS   BIGRAM         

        CLASS   RAM            

        CLASS   BANK0          

        CLASS   BANK1          

        CLASS   BANK2          

        CLASS   BANK3          

        CLASS   BANK4          

        CLASS   BANK5          

        CLASS   BANK6          

        CLASS   BANK7          

        CLASS   BANK8          

        CLASS   BANK9          

        CLASS   BANK10         

        CLASS   BANK11         

        CLASS   BANK12         

        CLASS   BANK13         

        CLASS   BANK14         

        CLASS   BANK15         

        CLASS   SFR            

        CLASS   BIGSFR         

        CLASS   CONFIG         
                config                           300000   300000        E         4

        CLASS   IDLOC          

        CLASS   EEDATA         

        CLASS   FARRAM         

        CLASS   HEAP           

        CLASS   STACK          



SEGMENTS        Name                           Load    Length   Top    Selector   Space  Class

                reset_vec                      000000  000004  000004         0       0  CODE    
                dataCOMRAM                     000001  00005F  000060         1       1  COMRAM  
                intcode                        000008  000006  00000E         4       0  CODE    
                intcodelo                      000018  00014C  000164         C       0  CODE    
                smallconst                     001000  000016  001016       800       0  SMALLCON
                intcode_body                   001016  000304  00131A       80B       0  CODE    


UNUSED ADDRESS RANGES

        Name                Unused          Largest block    Delta
        BANK0            000080-0000FF               80
        BANK1            000100-0001FF              100
        BANK10           000A00-000AFF              100
        BANK11           000B00-000BFF              100
        BANK12           000C00-000CFF              100
        BANK13           000D00-000DFF              100
        BANK14           000E00-000EFF              100
        BANK15           000F00-000F7F               80
        BANK2            000200-0002FF              100
        BANK3            000300-0003FF              100
        BANK4            000400-0004FF              100
        BANK5            000500-0005FF              100
        BANK6            000600-0006FF              100
        BANK7            000700-0007FF              100
        BANK8            000800-0008FF              100
        BANK9            000900-0009FF              100
        BIGRAM           000060-000F7F              F20
        BIGSFR           000F80-000FFF               80
        CODE             000004-000007                4
                         00000E-000017                A
                         000164-000FFF              E9C
                         00131A-00FFFF             ECE6
        COMRAM           000060-00007F               20
        CONST            000004-000007                4
                         00000E-000017                A
                         000164-000FFF              E9C
                         00131A-00FFFF             ECE6
        EEDATA           F00000-F003FF              400
        IDLOC            200000-200007                8
        MEDIUMCONST      00131A-00FFFF             ECE6
        RAM              000080-000F7F              100
        SFR              000F80-000FFF               80
        SMALLCONST       00131A-00FFFF              100

                                  Symbol Table

Data_EEPROM_ReadByte@bAdd                                      cstackCOMRAM 00005A
Data_EEPROM_ReadByte@bData                                     cstackCOMRAM 00005C
Data_EEPROM_WriteByte@Global_Interrupt_Status                  cstackCOMRAM 00005E
Data_EEPROM_WriteByte@bAdd                                     cstackCOMRAM 00005B
Data_EEPROM_WriteByte@bData                                    cstackCOMRAM 00005D
EEPROM_READ_DATA_REG@DATA                                      cstackCOMRAM 000058
EEPROM_READ_GLOBAL_INTERRUPT_STATUS@Global_Interrupt_Status    cstackCOMRAM 000058
EEPROM_RESTORE_GLOBAL_INTERRUPT_STATUS@Global_Interrupt_Status cstackCOMRAM 000058
EEPROM_UPDATE_ADDRESS_REG@ADD                                  cstackCOMRAM 000058
EEPROM_UPDATE_DATA_REG@DATA                                    cstackCOMRAM 000058
_Data_EEPROM_ReadByte                                          text5        0011F2
_Data_EEPROM_WriteByte                                         text1        001166
_EEPROM_READ_DATA_REG                                          text7        0012C4
_EEPROM_READ_GLOBAL_INTERRUPT_STATUS                           text4        00128A
_EEPROM_READ_VALUE                                             bssCOMRAM    000054
_EEPROM_RESTORE_GLOBAL_INTERRUPT_STATUS                        text3        0012A8
_EEPROM_UPDATE_ADDRESS_REG                                     text6        0012D2
_EEPROM_UPDATE_DATA_REG                                        text2        0012DE
_INT0_ISR                                                      text22       001316
_INT0_InterruptHandler                                         bssCOMRAM    000047
_INT1_ISR                                                      text14       0012FA
_INT1_InterruptHandler                                         bssCOMRAM    000045
_INT2_ISR                                                      text13       0012F6
_INT2_InterruptHandler                                         bssCOMRAM    000043
_InterruptManagerHigh                                          intcode      000008
_InterruptManagerLow                                           intcodelo    000018
_RB4_ISR                                                       text12       0012F2
_RB4_InterruptHandler                                          bssCOMRAM    000041
_RB4_pin_init_value                                            bssCOMRAM    00004C
_RB5_ISR                                                       text11       0012EE
_RB5_InterruptHandler                                          bssCOMRAM    00003F
_RB5_pin_init_value                                            bssCOMRAM    00004B
_RB6_ISR                                                       text10       0012EA
_RB6_InterruptHandler                                          bssCOMRAM    00003D
_RB6_pin_init_value                                            bssCOMRAM    00004A
_RB7_ISR                                                       text9        0012E6
_RB7_InterruptHandler                                          bssCOMRAM    00003B
_RB7_pin_init_value                                            bssCOMRAM    000049
__HRAM                                                         (abs)        000000
__H__absolute__                                                __absolute__ 000000
__Habs1                                                        abs1         000000
__Hbank0                                                       bank0        000000
__Hbank1                                                       bank1        000000
__Hbank10                                                      bank10       000000
__Hbank11                                                      bank11       000000
__Hbank12                                                      bank12       000000
__Hbank13                                                      bank13       000000
__Hbank14                                                      bank14       000000
__Hbank15                                                      bank15       000000
__Hbank2                                                       bank2        000000
__Hbank3                                                       bank3        000000
__Hbank4                                                       bank4        000000
__Hbank5                                                       bank5        000000
__Hbank6                                                       bank6        000000
__Hbank7                                                       bank7        000000
__Hbank8                                                       bank8        000000
__Hbank9                                                       bank9        000000
__Hbigbss                                                      bigbss       000000
__Hbigdata                                                     bigdata      000000
__Hbigram                                                      bigram       000000
__Hbigsfr                                                      bigsfr       000000
__Hbss                                                         bss          000000
__HbssCOMRAM                                                   bssCOMRAM    000000
__Hcinit                                                       cinit        000000
__Hclrtext                                                     clrtext      000000
__Hcomram                                                      comram       000000
__Hconfig                                                      config       30000E
__Hconst                                                       const        000000
__HcstackCOMRAM                                                cstackCOMRAM 000000
__Hdata                                                        data         000000
__HdataCOMRAM                                                  dataCOMRAM   000000
__Heeprom_data                                                 eeprom_data  000000
__Hfarbss                                                      farbss       000000
__Hfardata                                                     fardata      000000
__Hheap                                                        heap         000000
__Hibigdata                                                    ibigdata     000000
__Hidata                                                       idata        000000
__HidataCOMRAM                                                 idataCOMRAM  000000
__Hidloc                                                       idloc        000000
__Hifardata                                                    ifardata     000000
__Hinit                                                        init         000164
__Hintcode                                                     intcode      00000E
__Hintcode_body                                                intcode_body 000000
__Hintcodelo                                                   intcodelo    000160
__Hintentry                                                    intentry     000000
__Hintret                                                      intret       000000
__Hintsave_regs                                                intsave_regs 000000
__Hirdata                                                      irdata       000000
__Hmediumconst                                                 mediumconst  000000
__HnvFARRAM                                                    nvFARRAM     000000
__Hnvbit                                                       nvbit        000000
__Hnvrram                                                      nvrram       000000
__Hparam                                                       rparam       000000
__Hpowerup                                                     powerup      000160
__Hram                                                         ram          000000
__Hramtop                                                      ramtop       001000
__Hrbit                                                        rbit         000000
__Hrbss                                                        rbss         000000
__Hrdata                                                       rdata        000000
__Hreset_vec                                                   reset_vec    000004
__Hrparam                                                      rparam       000000
__Hsfr                                                         sfr          000000
__Hsmallconst                                                  smallconst   001016
__Hspace_0                                                     (abs)        00131A
__Hspace_1                                                     (abs)        000060
__Hspace_2                                                     (abs)        000000
__Hspace_4                                                     (abs)        60000E
__Hstack                                                       stack        000000
__Hstruct                                                      struct       000000
__Htemp                                                        temp         000060
__Htext                                                        text         000000
__Htext0                                                       text0        000000
__Htext1                                                       text1        000000
__Htext10                                                      text10       000000
__Htext11                                                      text11       000000
__Htext12                                                      text12       000000
__Htext13                                                      text13       000000
__Htext14                                                      text14       000000
__Htext16                                                      text16       000000
__Htext17                                                      text17       000000
__Htext18                                                      text18       000000
__Htext19                                                      text19       000000
__Htext2                                                       text2        000000
__Htext20                                                      text20       000000
__Htext21                                                      text21       000000
__Htext22                                                      text22       000000
__Htext3                                                       text3        000000
__Htext4                                                       text4        000000
__Htext5                                                       text5        000000
__Htext6                                                       text6        000000
__Htext7                                                       text7        000000
__Htext9                                                       text9        000000
__LRAM                                                         (abs)        000001
__L__absolute__                                                __absolute__ 000000
__Labs1                                                        abs1         000000
__Lbank0                                                       bank0        000000
__Lbank1                                                       bank1        000000
__Lbank10                                                      bank10       000000
__Lbank11                                                      bank11       000000
__Lbank12                                                      bank12       000000
__Lbank13                                                      bank13       000000
__Lbank14                                                      bank14       000000
__Lbank15                                                      bank15       000000
__Lbank2                                                       bank2        000000
__Lbank3                                                       bank3        000000
__Lbank4                                                       bank4        000000
__Lbank5                                                       bank5        000000
__Lbank6                                                       bank6        000000
__Lbank7                                                       bank7        000000
__Lbank8                                                       bank8        000000
__Lbank9                                                       bank9        000000
__Lbigbss                                                      bigbss       000000
__Lbigdata                                                     bigdata      000000
__Lbigram                                                      bigram       000000
__Lbigsfr                                                      bigsfr       000000
__Lbss                                                         bss          000000
__LbssCOMRAM                                                   bssCOMRAM    000000
__Lcinit                                                       cinit        000000
__Lclrtext                                                     clrtext      000000
__Lcomram                                                      comram       000000
__Lconfig                                                      config       000000
__Lconst                                                       const        000000
__LcstackCOMRAM                                                cstackCOMRAM 000000
__Ldata                                                        data         000000
__LdataCOMRAM                                                  dataCOMRAM   000000
__Leeprom_data                                                 eeprom_data  000000
__Lfarbss                                                      farbss       000000
__Lfardata                                                     fardata      000000
__Lheap                                                        heap         000000
__Libigdata                                                    ibigdata     000000
__Lidata                                                       idata        000000
__LidataCOMRAM                                                 idataCOMRAM  000000
__Lidloc                                                       idloc        000000
__Lifardata                                                    ifardata     000000
__Linit                                                        init         000160
__Lintcode                                                     intcode      000008
__Lintcode_body                                                intcode_body 000000
__Lintcodelo                                                   intcodelo    000018
__Lintentry                                                    intentry     000000
__Lintret                                                      intret       000000
__Lintsave_regs                                                intsave_regs 000000
__Lirdata                                                      irdata       000000
__Lmediumconst                                                 mediumconst  000000
__LnvFARRAM                                                    nvFARRAM     000000
__Lnvbit                                                       nvbit        000000
__Lnvrram                                                      nvrram       000000
__Lparam                                                       rparam       000000
__Lpowerup                                                     powerup      000160
__Lram                                                         ram          000000
__Lramtop                                                      ramtop       001000
__Lrbit                                                        rbit         000000
__Lrbss                                                        rbss         000000
__Lrdata                                                       rdata        000000
__Lreset_vec                                                   reset_vec    000000
__Lrparam                                                      rparam       000000
__Lsfr                                                         sfr          000000
__Lsmallconst                                                  smallconst   001000
__Lspace_0                                                     (abs)        000000
__Lspace_1                                                     (abs)        000000
__Lspace_2                                                     (abs)        000000
__Lspace_4                                                     (abs)        000000
__Lstack                                                       stack        000000
__Lstruct                                                      struct       000000
__Ltemp                                                        temp         00005F
__Ltext                                                        text         000000
__Ltext0                                                       text0        000000
__Ltext1                                                       text1        000000
__Ltext10                                                      text10       000000
__Ltext11                                                      text11       000000
__Ltext12                                                      text12       000000
__Ltext13                                                      text13       000000
__Ltext14                                                      text14       000000
__Ltext16                                                      text16       000000
__Ltext17                                                      text17       000000
__Ltext18                                                      text18       000000
__Ltext19                                                      text19       000000
__Ltext2                                                       text2        000000
__Ltext20                                                      text20       000000
__Ltext21                                                      text21       000000
__Ltext22                                                      text22       000000
__Ltext3                                                       text3        000000
__Ltext4                                                       text4        000000
__Ltext5                                                       text5        000000
__Ltext6                                                       text6        000000
__Ltext7                                                       text7        000000
__Ltext9                                                       text9        000000
__S0                                                           (abs)        00131A
__S1                                                           (abs)        000060
__S4                                                           (abs)        000000
__S5                                                           (abs)        000000
___heap_hi                                                     (abs)        000000
___heap_lo                                                     (abs)        000000
___inthi_sp                                                    stack        000000
___intlo_sp                                                    stack        000000
___param_bank                                                  (abs)        000000
___rparam_used                                                 (abs)        000001
___sp                                                          stack        000000
__accesstop                                                    (abs)        000080
__activetblptr                                                 (abs)        000003
__end_of_Data_EEPROM_ReadByte                                  text5        00122C
__end_of_Data_EEPROM_WriteByte                                 text1        0011B8
__end_of_EEPROM_READ_DATA_REG                                  text7        0012D2
__end_of_EEPROM_READ_GLOBAL_INTERRUPT_STATUS                   text4        0012A8
__end_of_EEPROM_RESTORE_GLOBAL_INTERRUPT_STATUS                text3        0012C4
__end_of_EEPROM_UPDATE_ADDRESS_REG                             text6        0012DE
__end_of_EEPROM_UPDATE_DATA_REG                                text2        0012E6
__end_of_INT0_ISR                                              text22       00131A
__end_of_INT1_ISR                                              text14       0012FE
__end_of_INT2_ISR                                              text13       0012FA
__end_of_InterruptManagerHigh                                  intcode_body 001166
__end_of_InterruptManagerLow                                   intcodelo    000160
__end_of_RB4_ISR                                               text12       0012F6
__end_of_RB5_ISR                                               text11       0012F2
__end_of_RB6_ISR                                               text10       0012EE
__end_of_RB7_ISR                                               text9        0012EA
__end_of__initialization                                       cinit        001258
__end_of_btn_values                                            smallconst   001011
__end_of_main                                                  text0        00128A
__end_ofi2_INT1_ISR                                            text21       001316
__end_ofi2_INT2_ISR                                            text20       001312
__end_ofi2_RB4_ISR                                             text19       00130E
__end_ofi2_RB5_ISR                                             text18       00130A
__end_ofi2_RB6_ISR                                             text17       001306
__end_ofi2_RB7_ISR                                             text16       001302
__initialization                                               cinit        00122C
__mediumconst                                                  mediumconst  000000
__pbssCOMRAM                                                   bssCOMRAM    00003B
__pcinit                                                       cinit        00122C
__pcstackCOMRAM                                                cstackCOMRAM 000055
__pdataCOMRAM                                                  dataCOMRAM   000001
__pidataCOMRAM                                                 idataCOMRAM  0011B8
__pintcode                                                     intcode      000008
__pintcode_body                                                intcode_body 001016
__pintcodelo                                                   intcodelo    000018
__psmallconst                                                  smallconst   001000
__ptext0                                                       text0        001262
__ptext1                                                       text1        001166
__ptext10                                                      text10       0012EA
__ptext11                                                      text11       0012EE
__ptext12                                                      text12       0012F2
__ptext13                                                      text13       0012F6
__ptext14                                                      text14       0012FA
__ptext16                                                      text16       0012FE
__ptext17                                                      text17       001302
__ptext18                                                      text18       001306
__ptext19                                                      text19       00130A
__ptext2                                                       text2        0012DE
__ptext20                                                      text20       00130E
__ptext21                                                      text21       001312
__ptext22                                                      text22       001316
__ptext3                                                       text3        0012A8
__ptext4                                                       text4        00128A
__ptext5                                                       text5        0011F2
__ptext6                                                       text6        0012D2
__ptext7                                                       text7        0012C4
__ptext9                                                       text9        0012E6
__ramtop                                                       ramtop       001000
__smallconst                                                   smallconst   001000
_btn_values                                                    smallconst   001001
_keypad1                                                       dataCOMRAM   000029
_lat_registers                                                 dataCOMRAM   00000B
_lcd1                                                          dataCOMRAM   000031
_lcd_2                                                         dataCOMRAM   00001F
_led1                                                          dataCOMRAM   00003A
_led2                                                          dataCOMRAM   000039
_led3                                                          dataCOMRAM   000038
_led4                                                          dataCOMRAM   000037
_main                                                          text0        001262
_port_registers                                                dataCOMRAM   000001
_tris_registers                                                dataCOMRAM   000015
btemp                                                          temp         00005F
end_of_initialization                                          cinit        001258
i2_INT1_ISR                                                    text21       001312
i2_INT2_ISR                                                    text20       00130E
i2_RB4_ISR                                                     text19       00130A
i2_RB5_ISR                                                     text18       001306
i2_RB6_ISR                                                     text17       001302
i2_RB7_ISR                                                     text16       0012FE
int$flags                                                      temp         00005F
int_func                                                       intcode_body 001016
intlevel0                                                      text         000000
intlevel1                                                      text         000000
intlevel2                                                      text         000000
intlevel3                                                      text         000000
isa$std                                                        (abs)        000001
isa$xinst                                                      (abs)        000000
led_initialize@F3165                                           bssCOMRAM    000053
led_toggle@F3180                                               bssCOMRAM    000050
led_turn_off@F3175                                             bssCOMRAM    000051
led_turn_on@F3170                                              bssCOMRAM    000052
relay_initialize@F3159                                         bssCOMRAM    00004F
relay_turn_off@F3169                                           bssCOMRAM    00004D
relay_turn_on@F3164                                            bssCOMRAM    00004E
stackhi                                                        (abs)        000000
stacklo                                                        (abs)        000000
start                                                          init         000160
start_initialization                                           cinit        00122C
ttemp5                                                         temp         000060
ttemp6                                                         temp         000063
ttemp7                                                         temp         000067
wtemp8                                                         temp         000060


MODULE INFORMATION

Module		Function		Class		Link	Load	Size
MCAL_Layer/EEPROM/hal_eeprom.c
		_EEPROM_READ_GLOBAL_INTERRUPT_STATUS		CODE           	128A	0000	30
		_EEPROM_UPDATE_DATA_REG		CODE           	12DE	0000	8
		_Data_EEPROM_ReadByte		CODE           	11F2	0000	58
		_EEPROM_RESTORE_GLOBAL_INTERRUPT_STATUS		CODE           	12A8	0000	28
		_EEPROM_READ_DATA_REG		CODE           	12C4	0000	14
		_EEPROM_UPDATE_ADDRESS_REG		CODE           	12D2	0000	12
		_Data_EEPROM_WriteByte		CODE           	1166	0000	82

MCAL_Layer/EEPROM/hal_eeprom.c estimated size: 232

shared
		i2_RB6_ISR     		CODE           	1302	0000	4
		i2_INT1_ISR    		CODE           	1312	0000	4
		i2_RB7_ISR     		CODE           	12FE	0000	4
		_btn_values    		SMALLCONST     	1001	0000	16
		__initialization		CODE           	122C	0000	44
		i2_INT2_ISR    		CODE           	130E	0000	4
		i2_RB4_ISR     		CODE           	130A	0000	4
		i2_RB5_ISR     		CODE           	1306	0000	4

shared estimated size: 84

MCAL_Layer/Interrupt/mcal_external_interrupt.c
		_RB4_ISR       		CODE           	12F2	0000	4
		_RB5_ISR       		CODE           	12EE	0000	4
		_RB6_ISR       		CODE           	12EA	0000	4
		_RB7_ISR       		CODE           	12E6	0000	4
		_INT0_ISR      		CODE           	1316	0000	4
		_INT1_ISR      		CODE           	12FA	0000	4
		_INT2_ISR      		CODE           	12F6	0000	4

MCAL_Layer/Interrupt/mcal_external_interrupt.c estimated size: 28

MCAL_Layer/Interrupt/mcal_interrupt_manager.c
		_InterruptManagerLow		CODE           	0018	0000	328
		_InterruptManagerHigh		CODE           	0008	0000	342

MCAL_Layer/Interrupt/mcal_interrupt_manager.c estimated size: 670

application.c
		_main          		CODE           	1262	0000	40

application.c estimated size: 40

