Microchip MPLAB XC8 Compiler V2.41

Linker command line:

-W-3 \
  --edf=C:/Program Files/Microchip/MPLABX/v6.15/packs/Microchip/PIC18Fxxxx_DFP/1.4.151/xc8\pic\dat\20230323171731_en.msgs \
  -cn -h+dist/default/production\application.production.sym \
  --cmf=dist/default/production\application.production.cmf -z -Q18F4620 \
  -oC:\Users\mohop\AppData\Local\Temp\xcAs3m8.\driver_tmp_3.o \
  --defsym=__MPLAB_BUILD=1 --fixupoverflow=error \
  -Mdist/default/production/application.production.map \
  --md=C:\Users\mohop\AppData\Local\Temp\xcAs3m8.\driver_tmp_0.dat -E1 \
  -ver=XC8 Compiler --acfsm=1493 -ACODE=00h-0FFFFh -ACONST=00h-0FFFFh \
  -ASMALLCONST=01000h-010FFhx240 -AMEDIUMCONST=01000h-0FFFFh \
  -ACOMRAM=01h-07Fh -AABS1=00h-0F7Fh -ABIGRAM=01h-0F7Fh \
  -ARAM=080h-0FFh,0100h-01FFhx14,0F00h-0F7Fh -ABANK0=080h-0FFh \
  -ABANK1=0100h-01FFh -ABANK2=0200h-02FFh -ABANK3=0300h-03FFh \
  -ABANK4=0400h-04FFh -ABANK5=0500h-05FFh -ABANK6=0600h-06FFh \
  -ABANK7=0700h-07FFh -ABANK8=0800h-08FFh -ABANK9=0900h-09FFh \
  -ABANK10=0A00h-0AFFh -ABANK11=0B00h-0BFFh -ABANK12=0C00h-0CFFh \
  -ABANK13=0D00h-0DFFh -ABANK14=0E00h-0EFFh -ABANK15=0F00h-0F7Fh \
  -ASFR=0F80h-0FFFh -ABIGSFR=0F80h-0FFFh -ACONFIG=0300000h-030000Dh \
  -AIDLOC=0200000h-0200007h -AEEDATA=0F00000h-0F003FFh -peeprom_data=EEDATA \
  -preset_vec=00h,intcode=08h,intcodelo,powerup,init -pramtop=01000h \
  -psmallconst=SMALLCONST -pmediumconst=MEDIUMCONST -pconst=CONST \
  -AFARRAM=00h-00h \
  -prdata=COMRAM,nvrram=COMRAM,nvbit=COMRAM,rbss=COMRAM,rbit=COMRAM \
  -pfarbss=FARRAM,fardata=FARRAM,nvFARRAM=FARRAM \
  -pintsave_regs=BIGRAM,bigbss=BIGRAM,bigdata=BIGRAM -pbss=RAM \
  -pidata=CODE,irdata=CODE,ibigdata=CODE,ifardata=CODE -prparam=COMRAM \
  C:\Users\mohop\AppData\Local\Temp\xcAs3m8.\driver_tmp_14.o \
  dist/default/production\application.production.o 

Object code version is 3.11

Machine type is 18F4620



                Name                               Link     Load   Length Selector   Space Scale
C:\Users\mohop\AppData\Local\Temp\xcAs3m8.\driver_tmp_14.o
                config                           300000   300000        E        0       4
                init                                  E        E        4        4       0
                reset_vec                             0        0        4        0       0
dist/default/production\application.production.o
                intcode                               8        8        6        4       0
                config                           300000   300000        E        0       4
                temp                                 73       73        1        1       1
                smallconst                         1000     1000       34      800       0
                text51                             269A     269A       DA      81A       0
                text50                             307A     307A       56      81A       0
                text49                             3414     3414       30      81A       0
                text48                             34EC     34EC        4      81A       0
                text47                             34E8     34E8        4      81A       0
                text46                             34E4     34E4        4      81A       0
                text45                             34E0     34E0        4      81A       0
                text44                             34DC     34DC        4      81A       0
                text43                             34D8     34D8        4      81A       0
                text42                             34D4     34D4        4      81A       0
                intcode_body                       1DDA     1DDA      190      81A       0
                text40                             2774     2774       D8      81A       0
                text39                             33DA     33DA       3A      81A       0
                text38                             349E     349E       24      81A       0
                text37                             339C     339C       3E      81A       0
                text36                             145E     145E      39A      81A       0
                text35                             1034     1034      42A      81A       0
                text34                             24B8     24B8      106      81A       0
                text33                             1A90     1A90      1B4      81A       0
                text32                             2FC6     2FC6       5C      81A       0
                text31                             3022     3022       58      81A       0
                text30                             29DA     29DA       C0      81A       0
                text29                             20E0     20E0      162      81A       0
                text28                             2242     2242      14A      81A       0
                text27                             2D56     2D56       8A      81A       0
                text26                             335E     335E       3E      81A       0
                text25                             316E     316E       4E      81A       0
                text24                             2DE0     2DE0       88      81A       0
                text23                             2F54     2F54       72      81A       0
                text22                             25BE     25BE       DC      81A       0
                text21                             3472     3472       2C      81A       0
                text20                             34C2     34C2       12      81A       0
                text19                             1F6A     1F6A      176      81A       0
                text18                             2916     2916       C4      81A       0
                text17                             2C04     2C04       B0      81A       0
                text16                             331E     331E       40      81A       0
                text15                             34F0     34F0        2      81A       0
                text14                             284C     284C       CA      81A       0
                text13                             32DA     32DA       44      81A       0
                text12                             2E68     2E68       7A      81A       0
                text11                             1C44     1C44      196      81A       0
                text10                             238C     238C      12C      81A       0
                text9                              30D0     30D0       50      81A       0
                text8                              31BC     31BC       4C      81A       0
                text7                              2A9A     2A9A       BA      81A       0
                text6                              3294     3294       46      81A       0
                text5                              324E     324E       46      81A       0
                text4                              3208     3208       46      81A       0
                text3                              2EE2     2EE2       72      81A       0
                text2                              2B54     2B54       B0      81A       0
                text1                              2CB4     2CB4       A2      81A       0
                text0                              17F8     17F8      298      81A       0
                cstackCOMRAM                          1        1       64        1       1
                cstackBANK0                          ED       ED        A       80       1
                bssBANK1                            100      100       20      100       1
                dataBANK0                            BF       BF       2E       80       1
                bssBANK0                             80       80       3F       80       1
                bssCOMRAM                            65       65        D        1       1
                cinit                              3120     3120       4E      81A       0
                nvCOMRAM                             72       72        1        1       1
                idataBANK0                         3444     3444       2E      81A       0

TOTAL           Name                               Link     Load   Length     Space
        CLASS   CODE           
                intcode                               8        8        6         0
                init                                  E        E        4         0
                reset_vec                             0        0        4         0
                text51                             269A     269A       DA         0
                text50                             307A     307A       56         0
                text49                             3414     3414       30         0
                text48                             34EC     34EC        4         0
                text47                             34E8     34E8        4         0
                text46                             34E4     34E4        4         0
                text45                             34E0     34E0        4         0
                text44                             34DC     34DC        4         0
                text43                             34D8     34D8        4         0
                text42                             34D4     34D4        4         0
                intcode_body                       1DDA     1DDA      190         0
                text40                             2774     2774       D8         0
                text39                             33DA     33DA       3A         0
                text38                             349E     349E       24         0
                text37                             339C     339C       3E         0
                text36                             145E     145E      39A         0
                text35                             1034     1034      42A         0
                text34                             24B8     24B8      106         0
                text33                             1A90     1A90      1B4         0
                text32                             2FC6     2FC6       5C         0
                text31                             3022     3022       58         0
                text30                             29DA     29DA       C0         0
                text29                             20E0     20E0      162         0
                text28                             2242     2242      14A         0
                text27                             2D56     2D56       8A         0
                text26                             335E     335E       3E         0
                text25                             316E     316E       4E         0
                text24                             2DE0     2DE0       88         0
                text23                             2F54     2F54       72         0
                text22                             25BE     25BE       DC         0
                text21                             3472     3472       2C         0
                text20                             34C2     34C2       12         0
                text19                             1F6A     1F6A      176         0
                text18                             2916     2916       C4         0
                text17                             2C04     2C04       B0         0
                text16                             331E     331E       40         0
                text15                             34F0     34F0        2         0
                text14                             284C     284C       CA         0
                text13                             32DA     32DA       44         0
                text12                             2E68     2E68       7A         0
                text11                             1C44     1C44      196         0
                text10                             238C     238C      12C         0
                text9                              30D0     30D0       50         0
                text8                              31BC     31BC       4C         0
                text7                              2A9A     2A9A       BA         0
                text6                              3294     3294       46         0
                text5                              324E     324E       46         0
                text4                              3208     3208       46         0
                text3                              2EE2     2EE2       72         0
                text2                              2B54     2B54       B0         0
                text1                              2CB4     2CB4       A2         0
                text0                              17F8     17F8      298         0
                cinit                              3120     3120       4E         0
                idataBANK0                         3444     3444       2E         0

        CLASS   CONST          

        CLASS   SMALLCONST     
                smallconst                         1000     1000       34         0

        CLASS   MEDIUMCONST    

        CLASS   COMRAM         
                temp                                 73       73        1         1
                cstackCOMRAM                          1        1       64         1
                bssCOMRAM                            65       65        D         1
                nvCOMRAM                             72       72        1         1

        CLASS   ABS1           

        CLASS   BIGRAM         

        CLASS   RAM            

        CLASS   BANK0          
                cstackBANK0                          ED       ED        A         1
                dataBANK0                            BF       BF       2E         1
                bssBANK0                             80       80       3F         1

        CLASS   BANK1          
                bssBANK1                            100      100       20         1

        CLASS   BANK2          

        CLASS   BANK3          

        CLASS   BANK4          

        CLASS   BANK5          

        CLASS   BANK6          

        CLASS   BANK7          

        CLASS   BANK8          

        CLASS   BANK9          

        CLASS   BANK10         

        CLASS   BANK11         

        CLASS   BANK12         

        CLASS   BANK13         

        CLASS   BANK14         

        CLASS   BANK15         

        CLASS   SFR            

        CLASS   BIGSFR         

        CLASS   CONFIG         
                config                           300000   300000        E         4

        CLASS   IDLOC          

        CLASS   EEDATA         

        CLASS   FARRAM         

        CLASS   HEAP           

        CLASS   STACK          



SEGMENTS        Name                           Load    Length   Top    Selector   Space  Class

                reset_vec                      000000  000004  000004         0       0  CODE    
                cstackCOMRAM                   000001  000073  000074         1       1  COMRAM  
                intcode                        000008  00000A  000012         4       0  CODE    
                bssBANK0                       000080  000077  0000F7        80       1  BANK0   
                bssBANK1                       000100  000020  000120       100       1  BANK1   
                smallconst                     001000  000034  001034       800       0  SMALLCON
                text35                         001034  0024BE  0034F2       81A       0  CODE    


UNUSED ADDRESS RANGES

        Name                Unused          Largest block    Delta
        BANK0            0000F7-0000FF                9
        BANK1            000120-0001FF               E0
        BANK10           000A00-000AFF              100
        BANK11           000B00-000BFF              100
        BANK12           000C00-000CFF              100
        BANK13           000D00-000DFF              100
        BANK14           000E00-000EFF              100
        BANK15           000F00-000F7F               80
        BANK2            000200-0002FF              100
        BANK3            000300-0003FF              100
        BANK4            000400-0004FF              100
        BANK5            000500-0005FF              100
        BANK6            000600-0006FF              100
        BANK7            000700-0007FF              100
        BANK8            000800-0008FF              100
        BANK9            000900-0009FF              100
        BIGRAM           000074-00007F                C
                         0000F7-0000FF                9
                         000120-000F7F              E60
        BIGSFR           000F80-000FFF               80
        CODE             000004-000007                4
                         000012-000FFF              FEE
                         0034F2-00FFFF             CB0E
        COMRAM           000074-00007F                C
        CONST            000004-000007                4
                         000012-000FFF              FEE
                         0034F2-00FFFF             CB0E
        EEDATA           F00000-F003FF              400
        IDLOC            200000-200007                8
        MEDIUMCONST      0034F2-00FFFF             CB0E
        RAM              0000F7-0000FF                9
                         000120-000F7F              100
        SFR              000F80-000FFF               80
        SMALLCONST       0034F2-00FFFF              100

                                  Symbol Table

?___awdiv                                 cstackCOMRAM 00000D
?___awmod                                 cstackCOMRAM 00000D
?___fldiv                                 cstackCOMRAM 000034
?___flmul                                 cstackCOMRAM 00001B
?___fltol                                 cstackCOMRAM 00004D
?___xxtofl                                cstackCOMRAM 00000D
?_abs                                     cstackCOMRAM 000013
?_sprintf                                 cstackCOMRAM 00004B
?_vfprintf                                cstackCOMRAM 000043
ADC_GetConversionResult@_adc              cstackCOMRAM 000001
ADC_GetConversionResult@conversion_result cstackCOMRAM 000003
ADC_GetConversionResult@ret               cstackCOMRAM 000008
ADC_Init@_adc                             cstackCOMRAM 000011
ADC_Init@ret                              cstackCOMRAM 000014
ADC_SelectChannel@_adc                    cstackCOMRAM 000010
ADC_SelectChannel@channel                 cstackCOMRAM 000012
ADC_SelectChannel@ret                     cstackCOMRAM 000014
ADC_StartConversion@_adc                  cstackCOMRAM 00000D
ADC_StartConversion@ret                   cstackCOMRAM 00000F
ADC_StartConversion_Interrupt@_adc        cstackCOMRAM 000015
ADC_StartConversion_Interrupt@channel     cstackCOMRAM 000017
ADC_StartConversion_Interrupt@ret         cstackCOMRAM 000018
_ADC_Flag                                 bssCOMRAM    000066
_ADC_GetConversionResult                  text51       00269A
_ADC_ISR                                  text49       003414
_ADC_ISR_HANDLER                          text50       00307A
_ADC_Init                                 text30       0029DA
_ADC_InterruptHandler                     bssBANK0     0000AB
_ADC_SelectChannel                        text39       0033DA
_ADC_StartConversion                      text38       00349E
_ADC_StartConversion_Interrupt            text37       00339C
_ADRESH                                   (abs)        000FC4
_ADRESL                                   (abs)        000FC3
_INT0_ISR                                 text48       0034EC
_INT0_InterruptHandler                    bssBANK0     0000A9
_INT1_ISR                                 text47       0034E8
_INT1_InterruptHandler                    bssBANK0     0000A7
_INT2_ISR                                 text46       0034E4
_INT2_InterruptHandler                    bssBANK0     0000A5
_InterruptManager                         intcode      000008
_RB4_ISR                                  text45       0034E0
_RB4_InterruptHandler                     bssBANK0     0000A3
_RB4_pin_init_value                       bssCOMRAM    00006A
_RB5_ISR                                  text44       0034DC
_RB5_InterruptHandler                     bssBANK0     0000A1
_RB5_pin_init_value                       bssCOMRAM    000069
_RB6_ISR                                  text43       0034D8
_RB6_InterruptHandler                     bssBANK0     00009F
_RB6_pin_init_value                       bssCOMRAM    000068
_RB7_ISR                                  text42       0034D4
_RB7_InterruptHandler                     bssBANK0     00009D
_RB7_pin_init_value                       bssCOMRAM    000067
__HRAM                                    (abs)        000000
__H__absolute__                           __absolute__ 000000
__Habs1                                   abs1         000000
__Hbank0                                  bank0        000000
__Hbank1                                  bank1        000000
__Hbank10                                 bank10       000000
__Hbank11                                 bank11       000000
__Hbank12                                 bank12       000000
__Hbank13                                 bank13       000000
__Hbank14                                 bank14       000000
__Hbank15                                 bank15       000000
__Hbank2                                  bank2        000000
__Hbank3                                  bank3        000000
__Hbank4                                  bank4        000000
__Hbank5                                  bank5        000000
__Hbank6                                  bank6        000000
__Hbank7                                  bank7        000000
__Hbank8                                  bank8        000000
__Hbank9                                  bank9        000000
__Hbigbss                                 bigbss       000000
__Hbigdata                                bigdata      000000
__Hbigram                                 bigram       000000
__Hbigsfr                                 bigsfr       000000
__Hbss                                    bss          000000
__HbssBANK0                               bssBANK0     000000
__HbssBANK1                               bssBANK1     000000
__HbssCOMRAM                              bssCOMRAM    000000
__Hcinit                                  cinit        000000
__Hclrtext                                clrtext      000000
__Hcomram                                 comram       000000
__Hconfig                                 config       30000E
__Hconst                                  const        000000
__HcstackBANK0                            cstackBANK0  000000
__HcstackCOMRAM                           cstackCOMRAM 000000
__Hdata                                   data         000000
__HdataBANK0                              dataBANK0    000000
__Heeprom_data                            eeprom_data  000000
__Hfarbss                                 farbss       000000
__Hfardata                                fardata      000000
__Hheap                                   heap         000000
__Hibigdata                               ibigdata     000000
__Hidata                                  idata        000000
__HidataBANK0                             idataBANK0   000000
__Hidloc                                  idloc        000000
__Hifardata                               ifardata     000000
__Hinit                                   init         000012
__Hintcode                                intcode      00000E
__Hintcode_body                           intcode_body 000000
__Hintcodelo                              intcodelo    00000E
__Hintentry                               intentry     000000
__Hintret                                 intret       000000
__Hintsave_regs                           intsave_regs 000000
__Hirdata                                 irdata       000000
__Hmediumconst                            mediumconst  000000
__HnvCOMRAM                               nvCOMRAM     000000
__HnvFARRAM                               nvFARRAM     000000
__Hnvbit                                  nvbit        000000
__Hnvrram                                 nvrram       000000
__Hparam                                  rparam       000000
__Hpowerup                                powerup      00000E
__Hram                                    ram          000000
__Hramtop                                 ramtop       001000
__Hrbit                                   rbit         000000
__Hrbss                                   rbss         000000
__Hrdata                                  rdata        000000
__Hreset_vec                              reset_vec    000004
__Hrparam                                 rparam       000000
__Hsfr                                    sfr          000000
__Hsmallconst                             smallconst   001034
__Hspace_0                                (abs)        0034F2
__Hspace_1                                (abs)        000120
__Hspace_2                                (abs)        000000
__Hspace_4                                (abs)        60000E
__Hstack                                  stack        000000
__Hstruct                                 struct       000000
__Htemp                                   temp         000074
__Htext                                   text         000000
__Htext0                                  text0        000000
__Htext1                                  text1        000000
__Htext10                                 text10       000000
__Htext11                                 text11       000000
__Htext12                                 text12       000000
__Htext13                                 text13       000000
__Htext14                                 text14       000000
__Htext15                                 text15       000000
__Htext16                                 text16       000000
__Htext17                                 text17       000000
__Htext18                                 text18       000000
__Htext19                                 text19       000000
__Htext2                                  text2        000000
__Htext20                                 text20       000000
__Htext21                                 text21       000000
__Htext22                                 text22       000000
__Htext23                                 text23       000000
__Htext24                                 text24       000000
__Htext25                                 text25       000000
__Htext26                                 text26       000000
__Htext27                                 text27       000000
__Htext28                                 text28       000000
__Htext29                                 text29       000000
__Htext3                                  text3        000000
__Htext30                                 text30       000000
__Htext31                                 text31       000000
__Htext32                                 text32       000000
__Htext33                                 text33       000000
__Htext34                                 text34       000000
__Htext35                                 text35       000000
__Htext36                                 text36       000000
__Htext37                                 text37       000000
__Htext38                                 text38       000000
__Htext39                                 text39       000000
__Htext4                                  text4        000000
__Htext40                                 text40       000000
__Htext42                                 text42       000000
__Htext43                                 text43       000000
__Htext44                                 text44       000000
__Htext45                                 text45       000000
__Htext46                                 text46       000000
__Htext47                                 text47       000000
__Htext48                                 text48       000000
__Htext49                                 text49       000000
__Htext5                                  text5        000000
__Htext50                                 text50       000000
__Htext51                                 text51       000000
__Htext52                                 text52       000000
__Htext6                                  text6        000000
__Htext7                                  text7        000000
__Htext8                                  text8        000000
__Htext9                                  text9        000000
__LRAM                                    (abs)        000001
__L__absolute__                           __absolute__ 000000
__Labs1                                   abs1         000000
__Lbank0                                  bank0        000000
__Lbank1                                  bank1        000000
__Lbank10                                 bank10       000000
__Lbank11                                 bank11       000000
__Lbank12                                 bank12       000000
__Lbank13                                 bank13       000000
__Lbank14                                 bank14       000000
__Lbank15                                 bank15       000000
__Lbank2                                  bank2        000000
__Lbank3                                  bank3        000000
__Lbank4                                  bank4        000000
__Lbank5                                  bank5        000000
__Lbank6                                  bank6        000000
__Lbank7                                  bank7        000000
__Lbank8                                  bank8        000000
__Lbank9                                  bank9        000000
__Lbigbss                                 bigbss       000000
__Lbigdata                                bigdata      000000
__Lbigram                                 bigram       000000
__Lbigsfr                                 bigsfr       000000
__Lbss                                    bss          000000
__LbssBANK0                               bssBANK0     000000
__LbssBANK1                               bssBANK1     000000
__LbssCOMRAM                              bssCOMRAM    000000
__Lcinit                                  cinit        000000
__Lclrtext                                clrtext      000000
__Lcomram                                 comram       000000
__Lconfig                                 config       000000
__Lconst                                  const        000000
__LcstackBANK0                            cstackBANK0  000000
__LcstackCOMRAM                           cstackCOMRAM 000000
__Ldata                                   data         000000
__LdataBANK0                              dataBANK0    000000
__Leeprom_data                            eeprom_data  000000
__Lfarbss                                 farbss       000000
__Lfardata                                fardata      000000
__Lheap                                   heap         000000
__Libigdata                               ibigdata     000000
__Lidata                                  idata        000000
__LidataBANK0                             idataBANK0   000000
__Lidloc                                  idloc        000000
__Lifardata                               ifardata     000000
__Linit                                   init         00000E
__Lintcode                                intcode      000008
__Lintcode_body                           intcode_body 000000
__Lintcodelo                              intcodelo    00000E
__Lintentry                               intentry     000000
__Lintret                                 intret       000000
__Lintsave_regs                           intsave_regs 000000
__Lirdata                                 irdata       000000
__Lmediumconst                            mediumconst  000000
__LnvCOMRAM                               nvCOMRAM     000000
__LnvFARRAM                               nvFARRAM     000000
__Lnvbit                                  nvbit        000000
__Lnvrram                                 nvrram       000000
__Lparam                                  rparam       000000
__Lpowerup                                powerup      00000E
__Lram                                    ram          000000
__Lramtop                                 ramtop       001000
__Lrbit                                   rbit         000000
__Lrbss                                   rbss         000000
__Lrdata                                  rdata        000000
__Lreset_vec                              reset_vec    000000
__Lrparam                                 rparam       000000
__Lsfr                                    sfr          000000
__Lsmallconst                             smallconst   001000
__Lspace_0                                (abs)        000000
__Lspace_1                                (abs)        000000
__Lspace_2                                (abs)        000000
__Lspace_4                                (abs)        000000
__Lstack                                  stack        000000
__Lstruct                                 struct       000000
__Ltemp                                   temp         000073
__Ltext                                   text         000000
__Ltext0                                  text0        000000
__Ltext1                                  text1        000000
__Ltext10                                 text10       000000
__Ltext11                                 text11       000000
__Ltext12                                 text12       000000
__Ltext13                                 text13       000000
__Ltext14                                 text14       000000
__Ltext15                                 text15       000000
__Ltext16                                 text16       000000
__Ltext17                                 text17       000000
__Ltext18                                 text18       000000
__Ltext19                                 text19       000000
__Ltext2                                  text2        000000
__Ltext20                                 text20       000000
__Ltext21                                 text21       000000
__Ltext22                                 text22       000000
__Ltext23                                 text23       000000
__Ltext24                                 text24       000000
__Ltext25                                 text25       000000
__Ltext26                                 text26       000000
__Ltext27                                 text27       000000
__Ltext28                                 text28       000000
__Ltext29                                 text29       000000
__Ltext3                                  text3        000000
__Ltext30                                 text30       000000
__Ltext31                                 text31       000000
__Ltext32                                 text32       000000
__Ltext33                                 text33       000000
__Ltext34                                 text34       000000
__Ltext35                                 text35       000000
__Ltext36                                 text36       000000
__Ltext37                                 text37       000000
__Ltext38                                 text38       000000
__Ltext39                                 text39       000000
__Ltext4                                  text4        000000
__Ltext40                                 text40       000000
__Ltext42                                 text42       000000
__Ltext43                                 text43       000000
__Ltext44                                 text44       000000
__Ltext45                                 text45       000000
__Ltext46                                 text46       000000
__Ltext47                                 text47       000000
__Ltext48                                 text48       000000
__Ltext49                                 text49       000000
__Ltext5                                  text5        000000
__Ltext50                                 text50       000000
__Ltext51                                 text51       000000
__Ltext52                                 text52       000000
__Ltext6                                  text6        000000
__Ltext7                                  text7        000000
__Ltext8                                  text8        000000
__Ltext9                                  text9        000000
__S0                                      (abs)        0034F2
__S1                                      (abs)        000120
__S4                                      (abs)        000000
__S5                                      (abs)        000000
___awdiv                                  text18       002916
___awdiv@counter                          cstackCOMRAM 000011
___awdiv@dividend                         cstackCOMRAM 00000D
___awdiv@divisor                          cstackCOMRAM 00000F
___awdiv@quotient                         cstackCOMRAM 000013
___awdiv@sign                             cstackCOMRAM 000012
___awmod                                  text17       002C04
___awmod@counter                          cstackCOMRAM 000011
___awmod@dividend                         cstackCOMRAM 00000D
___awmod@divisor                          cstackCOMRAM 00000F
___awmod@sign                             cstackCOMRAM 000012
___fldiv                                  text36       00145E
___fldiv@a                                cstackCOMRAM 000038
___fldiv@aexp                             cstackCOMRAM 00004C
___fldiv@b                                cstackCOMRAM 000034
___fldiv@bexp                             cstackCOMRAM 00004B
___fldiv@grs                              cstackCOMRAM 000047
___fldiv@new_exp                          cstackCOMRAM 000045
___fldiv@rem                              cstackCOMRAM 000040
___fldiv@sign                             cstackCOMRAM 000044
___flmul                                  text35       001034
___flmul@a                                cstackCOMRAM 00001F
___flmul@aexp                             cstackCOMRAM 00002C
___flmul@b                                cstackCOMRAM 00001B
___flmul@bexp                             cstackCOMRAM 00002D
___flmul@grs                              cstackCOMRAM 000028
___flmul@prod                             cstackCOMRAM 00002E
___flmul@sign                             cstackCOMRAM 000027
___flmul@temp                             cstackCOMRAM 000032
___fltol                                  text34       0024B8
___fltol@exp1                             cstackCOMRAM 000056
___fltol@f1                               cstackCOMRAM 00004D
___fltol@sign1                            cstackCOMRAM 000055
___heap_hi                                (abs)        000000
___heap_lo                                (abs)        000000
___inthi_sp                               stack        000000
___intlo_sp                               stack        000000
___param_bank                             (abs)        000000
___rparam_used                            (abs)        000001
___sp                                     stack        000000
___xxtofl                                 text33       001A90
___xxtofl@arg                             cstackCOMRAM 000017
___xxtofl@exp                             cstackCOMRAM 000016
___xxtofl@sign                            cstackCOMRAM 000015
___xxtofl@val                             cstackCOMRAM 00000D
__accesstop                               (abs)        000080
__activetblptr                            (abs)        000003
__end_of_ADC_GetConversionResult          text51       002774
__end_of_ADC_ISR                          text49       003444
__end_of_ADC_ISR_HANDLER                  text50       0030D0
__end_of_ADC_Init                         text30       002A9A
__end_of_ADC_SelectChannel                text39       003414
__end_of_ADC_StartConversion              text38       0034C2
__end_of_ADC_StartConversion_Interrupt    text37       0033DA
__end_of_INT0_ISR                         text48       0034F0
__end_of_INT1_ISR                         text47       0034EC
__end_of_INT2_ISR                         text46       0034E8
__end_of_InterruptManager                 intcode_body 001F6A
__end_of_RB4_ISR                          text45       0034E4
__end_of_RB5_ISR                          text44       0034E0
__end_of_RB6_ISR                          text43       0034DC
__end_of_RB7_ISR                          text42       0034D8
__end_of___awdiv                          text18       0029DA
__end_of___awmod                          text17       002CB4
__end_of___fldiv                          text36       0017F8
__end_of___flmul                          text35       00145E
__end_of___fltol                          text34       0025BE
__end_of___xxtofl                         text33       001C44
__end_of__initialization                  cinit        003164
__end_of_abs                              text16       00335E
__end_of_adc_input_channel_port_configure text40       00284C
__end_of_application_initialize           text20       0034D4
__end_of_btn_values                       smallconst   001011
__end_of_configure_voltage_reference      text32       003022
__end_of_convert_uint16_to_string         text7        002B54
__end_of_dc_motor_initialize              text26       00339C
__end_of_dc_motor_move_left               text6        0032DA
__end_of_dc_motor_move_right              text5        003294
__end_of_dc_motor_stop                    text4        00324E
__end_of_dtoa                             text11       001DDA
__end_of_ecu_layer_initialize             text21       00349E
__end_of_fputc                            text14       002916
__end_of_fputs                            text13       00331E
__end_of_gpio_pin_direction_initialize    text29       002242
__end_of_gpio_pin_initialize              text27       002DE0
__end_of_gpio_pin_write_logic             text28       00238C
__end_of_lcd_4bit_initialize              text22       00269A
__end_of_lcd_4bit_send_char_data          text3        002F54
__end_of_lcd_4bit_send_command            text23       002FC6
__end_of_lcd_4bit_send_enable_signal      text25       0031BC
__end_of_lcd_4bit_send_string_pos         text1        002D56
__end_of_lcd_4bit_set_cursor              text2        002C04
__end_of_lcd_send_4bits                   text24       002E68
__end_of_main                             text0        001A90
__end_of_memset                           text19       0020E0
__end_of_pad                              text12       002EE2
__end_of_putch                            text15       0034F2
__end_of_select_result_format             text31       00307A
__end_of_sprintf                          text8        003208
__end_of_vfpfcnvrt                        text10       0024B8
__end_of_vfprintf                         text9        003120
__initialization                          cinit        003120
__mediumconst                             mediumconst  000000
__pbssBANK0                               bssBANK0     000080
__pbssBANK1                               bssBANK1     000100
__pbssCOMRAM                              bssCOMRAM    000065
__pcinit                                  cinit        003120
__pcstackBANK0                            cstackBANK0  0000ED
__pcstackCOMRAM                           cstackCOMRAM 000001
__pdataBANK0                              dataBANK0    0000BF
__pidataBANK0                             idataBANK0   003444
__pintcode                                intcode      000008
__pintcode_body                           intcode_body 001DDA
__pnvCOMRAM                               nvCOMRAM     000072
__psmallconst                             smallconst   001000
__ptext0                                  text0        0017F8
__ptext1                                  text1        002CB4
__ptext10                                 text10       00238C
__ptext11                                 text11       001C44
__ptext12                                 text12       002E68
__ptext13                                 text13       0032DA
__ptext14                                 text14       00284C
__ptext15                                 text15       0034F0
__ptext16                                 text16       00331E
__ptext17                                 text17       002C04
__ptext18                                 text18       002916
__ptext19                                 text19       001F6A
__ptext2                                  text2        002B54
__ptext20                                 text20       0034C2
__ptext21                                 text21       003472
__ptext22                                 text22       0025BE
__ptext23                                 text23       002F54
__ptext24                                 text24       002DE0
__ptext25                                 text25       00316E
__ptext26                                 text26       00335E
__ptext27                                 text27       002D56
__ptext28                                 text28       002242
__ptext29                                 text29       0020E0
__ptext3                                  text3        002EE2
__ptext30                                 text30       0029DA
__ptext31                                 text31       003022
__ptext32                                 text32       002FC6
__ptext33                                 text33       001A90
__ptext34                                 text34       0024B8
__ptext35                                 text35       001034
__ptext36                                 text36       00145E
__ptext37                                 text37       00339C
__ptext38                                 text38       00349E
__ptext39                                 text39       0033DA
__ptext4                                  text4        003208
__ptext40                                 text40       002774
__ptext42                                 text42       0034D4
__ptext43                                 text43       0034D8
__ptext44                                 text44       0034DC
__ptext45                                 text45       0034E0
__ptext46                                 text46       0034E4
__ptext47                                 text47       0034E8
__ptext48                                 text48       0034EC
__ptext49                                 text49       003414
__ptext5                                  text5        00324E
__ptext50                                 text50       00307A
__ptext51                                 text51       00269A
__ptext52                                 text52       000000
__ptext6                                  text6        003294
__ptext7                                  text7        002A9A
__ptext8                                  text8        0031BC
__ptext9                                  text9        0030D0
__ramtop                                  ramtop       001000
__smallconst                              smallconst   001000
_abs                                      text16       00331E
_adc_1                                    dataBANK0    0000DD
_adc_input_channel_port_configure         text40       002774
_application_initialize                   text20       0034C2
_btn_values                               smallconst   001001
_configure_voltage_reference              text32       002FC6
_convert_uint16_to_string                 text7        002A9A
_dbuf                                     bssBANK1     000100
_dc_motor_1                               dataBANK0    0000EB
_dc_motor_2                               dataBANK0    0000E9
_dc_motor_initialize                      text26       00335E
_dc_motor_move_left                       text6        003294
_dc_motor_move_right                      text5        00324E
_dc_motor_stop                            text4        003208
_dtoa                                     text11       001C44
_dtoa$2150                                cstackCOMRAM 00002C
_ecu_layer_initialize                     text21       003472
_flags                                    bssCOMRAM    000065
_fputc                                    text14       00284C
_fputs                                    text13       0032DA
_gpio_pin_direction_initialize            text29       0020E0
_gpio_pin_initialize                      text27       002D56
_gpio_pin_write_logic                     text28       002242
_lat_registers                            dataBANK0    0000C9
_lcd1                                     dataBANK0    0000E3
_lcd_4bit_initialize                      text22       0025BE
_lcd_4bit_send_char_data                  text3        002EE2
_lcd_4bit_send_command                    text23       002F54
_lcd_4bit_send_enable_signal              text25       00316E
_lcd_4bit_send_string_pos                 text1        002CB4
_lcd_4bit_set_cursor                      text2        002B54
_lcd_send_4bits                           text24       002DE0
_lm35_res_1                               bssBANK0     0000BD
_lm35_res_1_Celsius_mv                    bssBANK0     00009B
_lm35_res_1_txt                           bssBANK0     0000B4
_lm35_res_2                               bssBANK0     0000BB
_lm35_res_2_Celsius_mv                    bssBANK0     000099
_lm35_res_2_txt                           bssBANK0     0000AD
_main                                     text0        0017F8
_memset                                   text19       001F6A
_pad                                      text12       002E68
_port_registers                           dataBANK0    0000BF
_prec                                     bssBANK0     000097
_putch                                    text15       0034F0
_ret                                      nvCOMRAM     000072
_select_result_format                     text31       003022
_sprintf                                  text8        0031BC
_tris_registers                           dataBANK0    0000D3
_vfpfcnvrt                                text10       00238C
_vfprintf                                 text9        0030D0
_width                                    bssBANK0     000095
abs@a                                     cstackCOMRAM 000013
adc_input_channel_port_configure@channel  cstackCOMRAM 00000F
btemp                                     temp         000073
configure_voltage_reference@_adc          cstackCOMRAM 00000D
convert_uint16_to_string@Temp_str         cstackBANK0  0000ED
convert_uint16_to_string@cnt              cstackBANK0  0000F4
convert_uint16_to_string@ret              cstackBANK0  0000F3
convert_uint16_to_string@str              cstackCOMRAM 000063
convert_uint16_to_string@value            cstackCOMRAM 000061
dc_motor_initialize@_dc_motor             cstackCOMRAM 00001B
dc_motor_initialize@ret                   cstackCOMRAM 00001D
dc_motor_move_left@_dc_motor              cstackCOMRAM 000017
dc_motor_move_left@ret                    cstackCOMRAM 000019
dc_motor_move_right@_dc_motor             cstackCOMRAM 000017
dc_motor_move_right@ret                   cstackCOMRAM 000019
dc_motor_stop@_dc_motor                   cstackCOMRAM 000017
dc_motor_stop@ret                         cstackCOMRAM 000019
dtoa@d                                    cstackCOMRAM 00002A
dtoa@fp                                   cstackCOMRAM 000028
dtoa@i                                    cstackCOMRAM 000033
dtoa@p                                    cstackCOMRAM 00002E
dtoa@s                                    cstackCOMRAM 000032
dtoa@w                                    cstackCOMRAM 000030
ecu_layer_initialize@ret                  cstackCOMRAM 000025
end_of_initialization                     cinit        003164
fputc@c                                   cstackCOMRAM 00000D
fputc@fp                                  cstackCOMRAM 00000F
fputs@c                                   cstackCOMRAM 00001A
fputs@fp                                  cstackCOMRAM 000018
fputs@i                                   cstackCOMRAM 00001B
fputs@s                                   cstackCOMRAM 000016
gpio_pin_direction_initialize@pin_config  cstackCOMRAM 00000D
gpio_pin_direction_initialize@ret         cstackCOMRAM 000015
gpio_pin_initialize@pin_config            cstackCOMRAM 000017
gpio_pin_initialize@ret                   cstackCOMRAM 00001A
gpio_pin_write_logic@logic                cstackCOMRAM 00000F
gpio_pin_write_logic@pin_config           cstackCOMRAM 00000D
gpio_pin_write_logic@ret                  cstackCOMRAM 000016
int$flags                                 temp         000073
int_func                                  intcode_body 001DDA
intlevel0                                 text         000000
intlevel1                                 text         000000
intlevel2                                 text         000000
intlevel3                                 text         000000
isa$std                                   (abs)        000001
isa$xinst                                 (abs)        000000
lcd_4bit_initialize@l_data_pins_counter   cstackCOMRAM 000024
lcd_4bit_initialize@lcd                   cstackCOMRAM 00001F
lcd_4bit_initialize@ret                   cstackCOMRAM 000023
lcd_4bit_send_char_data@data              cstackCOMRAM 00001D
lcd_4bit_send_char_data@lcd               cstackCOMRAM 00001B
lcd_4bit_send_char_data@ret               cstackCOMRAM 00001E
lcd_4bit_send_command@command             cstackCOMRAM 00001D
lcd_4bit_send_command@lcd                 cstackCOMRAM 00001B
lcd_4bit_send_command@ret                 cstackCOMRAM 00001E
lcd_4bit_send_enable_signal@lcd           cstackCOMRAM 000017
lcd_4bit_send_enable_signal@ret           cstackCOMRAM 000019
lcd_4bit_send_string_pos@column           cstackCOMRAM 000028
lcd_4bit_send_string_pos@lcd              cstackCOMRAM 000025
lcd_4bit_send_string_pos@ret              cstackCOMRAM 00002B
lcd_4bit_send_string_pos@row              cstackCOMRAM 000027
lcd_4bit_send_string_pos@str              cstackCOMRAM 000029
lcd_4bit_set_cursor@column                cstackCOMRAM 000022
lcd_4bit_set_cursor@lcd                   cstackCOMRAM 00001F
lcd_4bit_set_cursor@row                   cstackCOMRAM 000021
lcd_send_4bits@_data_command              cstackCOMRAM 000019
lcd_send_4bits@lcd                        cstackCOMRAM 000017
lcd_send_4bits@ret                        cstackCOMRAM 00001A
led_initialize@F3217                      bssCOMRAM    000071
led_toggle@F3232                          bssCOMRAM    00006E
led_turn_off@F3227                        bssCOMRAM    00006F
led_turn_on@F3222                         bssCOMRAM    000070
memset@c                                  cstackCOMRAM 00000F
memset@dest                               cstackCOMRAM 00000D
memset@k                                  cstackCOMRAM 000015
memset@n                                  cstackCOMRAM 000011
memset@s                                  cstackCOMRAM 000017
pad@buf                                   cstackCOMRAM 00001F
pad@fp                                    cstackCOMRAM 00001D
pad@i                                     cstackCOMRAM 000024
pad@p                                     cstackCOMRAM 000021
pad@w                                     cstackCOMRAM 000026
relay_initialize@F3211                    bssCOMRAM    00006D
relay_turn_off@F3221                      bssCOMRAM    00006B
relay_turn_on@F3216                       bssCOMRAM    00006C
select_result_format@_adc                 cstackCOMRAM 00000D
sprintf@ap                                cstackCOMRAM 000053
sprintf@f                                 cstackCOMRAM 000055
sprintf@fmt                               cstackCOMRAM 00004D
sprintf@s                                 cstackCOMRAM 00004B
stackhi                                   (abs)        000000
stacklo                                   (abs)        000000
start                                     init         00000E
start_initialization                      cinit        003120
ttemp5                                    temp         000074
ttemp6                                    temp         000077
ttemp7                                    temp         00007B
vfpfcnvrt@ap                              cstackCOMRAM 000039
vfpfcnvrt@convarg                         cstackCOMRAM 00003D
vfpfcnvrt@cp                              cstackCOMRAM 000041
vfpfcnvrt@fmt                             cstackCOMRAM 000037
vfpfcnvrt@fp                              cstackCOMRAM 000035
vfprintf@ap                               cstackCOMRAM 000047
vfprintf@cfmt                             cstackCOMRAM 000049
vfprintf@fmt                              cstackCOMRAM 000045
vfprintf@fp                               cstackCOMRAM 000043
wtemp8                                    temp         000074


MODULE INFORMATION

Module		Function		Class		Link	Load	Size
C:\Program Files\Microchip\xc8\v2.41\pic\sources\c99\common\awmod.c
		___awmod       		CODE           	2C04	0000	176

C:\Program Files\Microchip\xc8\v2.41\pic\sources\c99\common\awmod.c estimated size: 176

C:\Program Files\Microchip\xc8\v2.41\pic\sources\c99\common\fltol.c
		___fltol       		CODE           	24B8	0000	262

C:\Program Files\Microchip\xc8\v2.41\pic\sources\c99\common\fltol.c estimated size: 262

C:\Program Files\Microchip\xc8\v2.41\pic\sources\c99\common\xxtofl.c
		___xxtofl      		CODE           	1A90	0000	436

C:\Program Files\Microchip\xc8\v2.41\pic\sources\c99\common\xxtofl.c estimated size: 436

ECU_Layer/DC_Motor/ecu_dc_motor.c
		_dc_motor_stop 		CODE           	3208	0000	70
		_dc_motor_initialize		CODE           	335E	0000	62
		_dc_motor_move_right		CODE           	324E	0000	70
		_dc_motor_move_left		CODE           	3294	0000	70

ECU_Layer/DC_Motor/ecu_dc_motor.c estimated size: 272

C:\Program Files\Microchip\xc8\v2.41\pic\sources\c99\common\nf_fputc.c
		_fputc         		CODE           	284C	0000	202

C:\Program Files\Microchip\xc8\v2.41\pic\sources\c99\common\nf_fputc.c estimated size: 202

C:\Program Files\Microchip\xc8\v2.41\pic\sources\c99\common\memset.c
		_memset        		CODE           	1F6A	0000	374

C:\Program Files\Microchip\xc8\v2.41\pic\sources\c99\common\memset.c estimated size: 374

C:\Program Files\Microchip\xc8\v2.41\pic\sources\c99\common\nf_sprintf.c
		_sprintf       		CODE           	31BC	0000	76

C:\Program Files\Microchip\xc8\v2.41\pic\sources\c99\common\nf_sprintf.c estimated size: 76

C:\Program Files\Microchip\xc8\v2.41\pic\sources\c99\common\awdiv.c
		___awdiv       		CODE           	2916	0000	196

C:\Program Files\Microchip\xc8\v2.41\pic\sources\c99\common\awdiv.c estimated size: 196

ECU_Layer/Chr_LCD/ecu_chr_lcd.c
		_lcd_4bit_send_command		CODE           	2F54	0000	114
		_lcd_4bit_send_string_pos		CODE           	2CB4	0000	162
		_lcd_4bit_send_char_data		CODE           	2EE2	0000	114
		_lcd_send_4bits		CODE           	2DE0	0000	136
		_convert_uint16_to_string		CODE           	2A9A	0000	186
		_lcd_4bit_set_cursor		CODE           	2B54	0000	176
		_lcd_4bit_send_enable_signal		CODE           	316E	0000	78
		_lcd_4bit_initialize		CODE           	25BE	0000	220

ECU_Layer/Chr_LCD/ecu_chr_lcd.c estimated size: 1186

C:\Program Files\Microchip\xc8\v2.41\pic\sources\c99\common\abs.c
		_abs           		CODE           	331E	0000	64

C:\Program Files\Microchip\xc8\v2.41\pic\sources\c99\common\abs.c estimated size: 64

C:\Program Files\Microchip\xc8\v2.41\pic\sources\c99\common\doprnt.c
		_vfpfcnvrt     		CODE           	238C	0000	300
		_pad           		CODE           	2E68	0000	122
		_dtoa          		CODE           	1C44	0000	406
		_vfprintf      		CODE           	30D0	0000	80

C:\Program Files\Microchip\xc8\v2.41\pic\sources\c99\common\doprnt.c estimated size: 908

shared
		_btn_values    		SMALLCONST     	1001	0000	16
		__initialization		CODE           	3120	0000	68

shared estimated size: 84

MCAL_Layer/Interrupt/mcal_external_interrupt.c
		_RB4_ISR       		CODE           	34E0	0000	4
		_RB5_ISR       		CODE           	34DC	0000	4
		_RB6_ISR       		CODE           	34D8	0000	4
		_RB7_ISR       		CODE           	34D4	0000	4
		_INT0_ISR      		CODE           	34EC	0000	4
		_INT1_ISR      		CODE           	34E8	0000	4
		_INT2_ISR      		CODE           	34E4	0000	4

MCAL_Layer/Interrupt/mcal_external_interrupt.c estimated size: 28

MCAL_Layer/ADC/hal_adc.c
		_ADC_StartConversion_Interrupt		CODE           	339C	0000	62
		_adc_input_channel_port_configure		CODE           	2774	0000	216
		_ADC_GetConversionResult		CODE           	269A	0000	218
		_configure_voltage_reference		CODE           	2FC6	0000	92
		_ADC_StartConversion		CODE           	349E	0000	36
		_ADC_SelectChannel		CODE           	33DA	0000	58
		_ADC_Init      		CODE           	29DA	0000	192
		_select_result_format		CODE           	3022	0000	88

MCAL_Layer/ADC/hal_adc.c estimated size: 962

MCAL_Layer/Interrupt/mcal_interrupt_manager.c
		_InterruptManager		CODE           	0008	0000	406

MCAL_Layer/Interrupt/mcal_interrupt_manager.c estimated size: 406

MCAL_Layer/GPIO/hal_gpio.c
		_gpio_pin_write_logic		CODE           	2242	0000	330
		_gpio_pin_direction_initialize		CODE           	20E0	0000	354
		_gpio_pin_initialize		CODE           	2D56	0000	138

MCAL_Layer/GPIO/hal_gpio.c estimated size: 822

C:\Program Files\Microchip\xc8\v2.41\pic\sources\c99\common\putch.c
		_putch         		CODE           	34F0	0000	2

C:\Program Files\Microchip\xc8\v2.41\pic\sources\c99\common\putch.c estimated size: 2

C:\Program Files\Microchip\xc8\v2.41\pic\sources\c99\common\nf_fputs.c
		_fputs         		CODE           	32DA	0000	68

C:\Program Files\Microchip\xc8\v2.41\pic\sources\c99\common\nf_fputs.c estimated size: 68

ECU_Layer/ecu_layer_init.c
		_ecu_layer_initialize		CODE           	3472	0000	44

ECU_Layer/ecu_layer_init.c estimated size: 44

application.c
		_ADC_ISR_HANDLER		CODE           	307A	0000	86
		_application_initialize		CODE           	34C2	0000	18
		_main          		CODE           	17F8	0000	664

application.c estimated size: 768

C:\Program Files\Microchip\xc8\v2.41\pic\sources\c99\common\sprcmul.c
		___flmul       		CODE           	1034	0000	1066

C:\Program Files\Microchip\xc8\v2.41\pic\sources\c99\common\sprcmul.c estimated size: 1066

C:\Program Files\Microchip\xc8\v2.41\pic\sources\c99\common\sprcdiv.c
		___fldiv       		CODE           	145E	0000	922

C:\Program Files\Microchip\xc8\v2.41\pic\sources\c99\common\sprcdiv.c estimated size: 922

MCAL_Layer/Interrupt/mcal_internal_interrupt.c
		_ADC_ISR       		CODE           	3414	0000	48

MCAL_Layer/Interrupt/mcal_internal_interrupt.c estimated size: 48

